usbCDC.h:34:6:usbCdcActive	8	static
usbCDC.h:43:6:usbCdcInit	8	static
usbCDC.h:52:6:usbCdcRxAvail	8	static
usbCDC.h:58:6:usbCdcRxBufferContains	8	static
usbCDC.h:60:6:usbCdcRxWait	8	static
usbCDC.h:61:6:usbCdcGetChar_noWait	8	static
usbCDC.h:67:6:usbCdcGetStr	8	static
usbCDC.h:68:6:usbCdcGetChar	8	static
usbCDC.h:69:6:usbCdcGetBytes	8	static
usbCDC.h:70:6:usbCdcRxClear	8	static
usbCDC.h:71:6:usbCdcTxReady	8	static
usbCDC.h:72:6:usbCdcTxEmpty	8	static
usbCDC.h:73:6:usbCdcTxFree	8	static
usbCDC.h:77:6:usbCdcTxWait	8	static
usbCDC.h:81:6:usbCdcSendChar_noWait	8	static
usbCDC.h:85:6:usbCdcSendChar	8	static
usbCDC.h:92:6:usbCdcSendStr	8	static
usbCDC.h:94:6:usbCdcSendBytes	8	static
usbCDC.h:95:6:usbCdcTxFlush	8	static
usbCDC.h:96:6:usbCdcTxClear	8	static
usbCDC.h:112:6:usbCdcTxEnqueueStrsInt	52	static
usbCDC.h:138:6:usbCdcTxEnqueueStrsFloat	52	static
usbCDC.h:171:6:usbCdcTxEnqueueStrs	24	static
usbCDC.h:198:6:usbCdcTxEnqueueStr	16	static
usbCDC.h:239:6:usbCdcRxDequeue	8	static
scpi.h:479:5:getScpiIdfromMsg	32	static
timers.h:58:6:deinitTIM1	0	static
timers.h:64:6:TIM1_UP_IRQHandler	8	static
keepalive.h:28:6:keepaliveDelayMs	0	static
keepalive.h:37:6:initKeepalive	16	static
keepalive.h:58:6:keepaliveSetPeriod	16	static
keepalive.h:68:6:keepaliveStart	8	static
keepalive.h:73:6:keepaliveStop	8	static
main.c:127:13:rstMain	8	static
keepalive.h:78:6:keepaliveReset	8	static
keepalive.h:79:6:keepaliveGetState	8	static
keepalive.h:80:6:keepaliveSetRanout	8	static
keepalive.h:86:6:keepaliveGetRanout	8	static
keepalive.h:92:6:keepaliveClrRanout	8	static
keepalive.h:103:6:deinitKeepalive	0	static
main.c:140:6:SysTick_Handler	0	static
main.c:143:6:delay_ms	0	static
main.c:186:13:blinkDbgLed	8	static
main.c:26:5:main	296	static
main.c:179:5:_write	8	static
main.c:203:6:Error_Handler	0	static
