timers.c:19:10:getSysClk	0	static
timers.c:20:10:getP1TimClk	0	static
timers.c:22:10:getTimerPSC	24	static
timers.c:36:10:getTimerARR	16	static
timers.c:45:7:getTimerPeriod	8	static
timers.c:49:6:getTimerState	0	static
timers.c:53:6:initTIM	4	static
timers.c:71:6:stopTIM	0	static
timers.c:77:6:startTIM	8	static
timers.c:83:6:resetTIM	0	static
timers.c:89:6:updateEventTIM	0	static
timers.c:94:6:setTIM	16	static
timers.c:111:6:tim1SetRegUpdating	0	static
timers.c:112:6:tim1GetRegUpdating	0	static
timers.c:113:6:tim1ClrRegUpdating	0	static
timers.c:116:6:tim1SetRanout	0	static
timers.c:120:6:tim1GetRanout	0	static
timers.c:121:6:tim1ClrRanout	0	static
