timers.c:20:10:getSysClk	0	static
timers.c:27:10:getP1TimClk	0	static
timers.c:38:10:getTimerPSC	24	static
timers.c:54:10:getTimerARR	16	static
timers.c:67:7:getTimerPeriod	8	static
timers.c:71:6:getTimerState	0	static
timers.c:75:6:initTIM	4	static
timers.c:94:6:stopTIM	0	static
timers.c:101:6:startTIM	8	static
timers.c:108:6:resetTIM	0	static
timers.c:114:6:updateEventTIM	0	static
timers.c:119:6:setTIM	16	static
timers.c:136:6:tim1SetRegUpdating	0	static
timers.c:137:6:tim1GetRegUpdating	0	static
timers.c:138:6:tim1ClrRegUpdating	0	static
timers.c:141:6:tim1SetRanout	0	static
timers.c:145:6:tim1GetRanout	0	static
timers.c:146:6:tim1ClrRanout	0	static
