usb.c:375:6:Class_Start	0	static
usb.c:386:6:Class_Compare	0	static
usb.c:527:6:EnableUsbIRQ	0	static
usb.c:532:6:DisableUsbIRQ	0	static
usb.c:537:6:Stall	0	static
usb.c:558:6:UnStall	0	static
usb.c:589:6:StallLogEP	8	static
usb.c:597:6:ClearBuffer	0	static
usb.c:611:6:ValidateBuffer	0	static
usb.c:624:6:USB_SetAddress	0	static
usb.c:635:6:USB_ConfigDevice	0	static
usb.c:642:6:InitEndpoints	8	static
usb.c:717:6:Nop	8	static,ignoring_inline_asm
usb.c:727:5:ReadControlBlock	16	static
usb.c:768:5:WriteControlBlock	16	static
usb.c:814:6:ACK	8	static
usb.c:820:6:IsStandardRequest	0	static
usb.c:825:6:IsClassRequest	0	static
usb.c:830:6:IsVendorRequest	0	static
usb.c:836:6:DescriptorBlockwiseIn	16	static
usb.c:864:6:DoSetClearFeature	8	static
usb.c:927:6:DoGetStatus	16	static
usb.c:1011:6:DoGetDescriptor	8	static
usb.c:1097:6:DoSetAddress	8	static
usb.c:1104:6:DoSetConfiguration	8	static
usb.c:1133:6:VCOM_SetLineCoding	8	static
usb.c:1140:6:SetLineCodingDataOut	8	static
usb.c:1148:6:VCOM_Read_DTR_RTS	8	static
usb.c:1155:6:VCOM_GetLineCoding	8	static
usb.c:1165:6:OnSetup	8	static
usb.c:1262:6:OnEpCtrlOut	72	static
usb.c:1296:6:OnEpCtrlIn	8	static
usb.c:1324:6:EpBulkBeginTransmit	24	static
usb.c:1375:6:OnEpBulkIn	8	static
usb.c:1388:6:OnEpBulkOut	24	static
usb.c:1439:6:OnEpIntIn	0	static
usb.c:1445:6:OnEpIntOut	0	static
usb.c:1452:6:USB_LP_CAN_RX0_IRQHandler	16	static
usb.c:1595:6:UsbSetup	16	static
usb.c:1621:6:UsbRxAvail	0	static
usb.c:1628:6:UsbRxBufferContains	4	static
usb.c:1644:6:UsbRxWait	12	static,ignoring_inline_asm
usb.c:1674:6:UsbGetChar_noWait	8	static
usb.c:1712:6:UsbGetChar	8	static
usb.c:1729:5:UsbGetStr	40	static,ignoring_inline_asm
usb.c:1790:5:UsbGetBytes	40	static,ignoring_inline_asm
usb.c:1835:6:UsbActive	0	static
usb.c:1842:6:UsbTxReady	0	static
usb.c:1849:6:UsbTxEmpty	0	static
usb.c:1856:5:UsbTxFree	0	static
usb.c:1868:6:UsbTxFlush	8	static
usb.c:1880:6:UsbTxWait	16	static,ignoring_inline_asm
usb.c:1909:6:UsbSendChar_noWait	8	static
usb.c:1940:6:UsbSendChar	8	static
usb.c:1955:5:UsbSendStr	24	static,ignoring_inline_asm
usb.c:1998:5:UsbSendBytes	32	static,ignoring_inline_asm
usb.c:2040:6:UsbRxClear	0	static
usb.c:2049:6:UsbTxClear	0	static
