Archive member included to satisfy reference by file (symbol)

C:/ST/STM32CubeIDE_1.14.1/STM32CubeIDE/plugins/com.st.stm32cube.ide.mcu.externaltools.gnu-tools-for-stm32.7-2018-q2-update.win32_2.1.200.202402032213/tools/bin/../lib/gcc/arm-none-eabi/7.3.1/../../../../arm-none-eabi/lib/thumb/v7-m\libc_nano.a(lib_a-errno.o)
                              ./startup/sysmem.o (__errno)
C:/ST/STM32CubeIDE_1.14.1/STM32CubeIDE/plugins/com.st.stm32cube.ide.mcu.externaltools.gnu-tools-for-stm32.7-2018-q2-update.win32_2.1.200.202402032213/tools/bin/../lib/gcc/arm-none-eabi/7.3.1/../../../../arm-none-eabi/lib/thumb/v7-m\libc_nano.a(lib_a-exit.o)
                              C:/ST/STM32CubeIDE_1.14.1/STM32CubeIDE/plugins/com.st.stm32cube.ide.mcu.externaltools.gnu-tools-for-stm32.7-2018-q2-update.win32_2.1.200.202402032213/tools/bin/../lib/gcc/arm-none-eabi/7.3.1/../../../../arm-none-eabi/lib/thumb/v7-m/crt0.o (exit)
C:/ST/STM32CubeIDE_1.14.1/STM32CubeIDE/plugins/com.st.stm32cube.ide.mcu.externaltools.gnu-tools-for-stm32.7-2018-q2-update.win32_2.1.200.202402032213/tools/bin/../lib/gcc/arm-none-eabi/7.3.1/../../../../arm-none-eabi/lib/thumb/v7-m\libc_nano.a(lib_a-impure.o)
                              C:/ST/STM32CubeIDE_1.14.1/STM32CubeIDE/plugins/com.st.stm32cube.ide.mcu.externaltools.gnu-tools-for-stm32.7-2018-q2-update.win32_2.1.200.202402032213/tools/bin/../lib/gcc/arm-none-eabi/7.3.1/../../../../arm-none-eabi/lib/thumb/v7-m\libc_nano.a(lib_a-exit.o) (_global_impure_ptr)
C:/ST/STM32CubeIDE_1.14.1/STM32CubeIDE/plugins/com.st.stm32cube.ide.mcu.externaltools.gnu-tools-for-stm32.7-2018-q2-update.win32_2.1.200.202402032213/tools/bin/../lib/gcc/arm-none-eabi/7.3.1/../../../../arm-none-eabi/lib/thumb/v7-m\libc_nano.a(lib_a-init.o)
                              C:/ST/STM32CubeIDE_1.14.1/STM32CubeIDE/plugins/com.st.stm32cube.ide.mcu.externaltools.gnu-tools-for-stm32.7-2018-q2-update.win32_2.1.200.202402032213/tools/bin/../lib/gcc/arm-none-eabi/7.3.1/../../../../arm-none-eabi/lib/thumb/v7-m/crt0.o (__libc_init_array)
C:/ST/STM32CubeIDE_1.14.1/STM32CubeIDE/plugins/com.st.stm32cube.ide.mcu.externaltools.gnu-tools-for-stm32.7-2018-q2-update.win32_2.1.200.202402032213/tools/bin/../lib/gcc/arm-none-eabi/7.3.1/../../../../arm-none-eabi/lib/thumb/v7-m\libc_nano.a(lib_a-memset.o)
                              C:/ST/STM32CubeIDE_1.14.1/STM32CubeIDE/plugins/com.st.stm32cube.ide.mcu.externaltools.gnu-tools-for-stm32.7-2018-q2-update.win32_2.1.200.202402032213/tools/bin/../lib/gcc/arm-none-eabi/7.3.1/../../../../arm-none-eabi/lib/thumb/v7-m/crt0.o (memset)
C:/ST/STM32CubeIDE_1.14.1/STM32CubeIDE/plugins/com.st.stm32cube.ide.mcu.externaltools.gnu-tools-for-stm32.7-2018-q2-update.win32_2.1.200.202402032213/tools/bin/../lib/gcc/arm-none-eabi/7.3.1/../../../../arm-none-eabi/lib/thumb/v7-m\libc_nano.a(lib_a-nano-vfprintf_float.o)
                              (_printf_float)
C:/ST/STM32CubeIDE_1.14.1/STM32CubeIDE/plugins/com.st.stm32cube.ide.mcu.externaltools.gnu-tools-for-stm32.7-2018-q2-update.win32_2.1.200.202402032213/tools/bin/../lib/gcc/arm-none-eabi/7.3.1/../../../../arm-none-eabi/lib/thumb/v7-m\libc_nano.a(lib_a-nano-vfprintf_i.o)
                              C:/ST/STM32CubeIDE_1.14.1/STM32CubeIDE/plugins/com.st.stm32cube.ide.mcu.externaltools.gnu-tools-for-stm32.7-2018-q2-update.win32_2.1.200.202402032213/tools/bin/../lib/gcc/arm-none-eabi/7.3.1/../../../../arm-none-eabi/lib/thumb/v7-m\libc_nano.a(lib_a-nano-vfprintf_float.o) (_printf_common)
C:/ST/STM32CubeIDE_1.14.1/STM32CubeIDE/plugins/com.st.stm32cube.ide.mcu.externaltools.gnu-tools-for-stm32.7-2018-q2-update.win32_2.1.200.202402032213/tools/bin/../lib/gcc/arm-none-eabi/7.3.1/../../../../arm-none-eabi/lib/thumb/v7-m\libc_nano.a(lib_a-nano-vfscanf_float.o)
                              (_scanf_float)
C:/ST/STM32CubeIDE_1.14.1/STM32CubeIDE/plugins/com.st.stm32cube.ide.mcu.externaltools.gnu-tools-for-stm32.7-2018-q2-update.win32_2.1.200.202402032213/tools/bin/../lib/gcc/arm-none-eabi/7.3.1/../../../../arm-none-eabi/lib/thumb/v7-m\libc_nano.a(lib_a-sf_nan.o)
                              C:/ST/STM32CubeIDE_1.14.1/STM32CubeIDE/plugins/com.st.stm32cube.ide.mcu.externaltools.gnu-tools-for-stm32.7-2018-q2-update.win32_2.1.200.202402032213/tools/bin/../lib/gcc/arm-none-eabi/7.3.1/../../../../arm-none-eabi/lib/thumb/v7-m\libc_nano.a(lib_a-nano-vfscanf_float.o) (nanf)
C:/ST/STM32CubeIDE_1.14.1/STM32CubeIDE/plugins/com.st.stm32cube.ide.mcu.externaltools.gnu-tools-for-stm32.7-2018-q2-update.win32_2.1.200.202402032213/tools/bin/../lib/gcc/arm-none-eabi/7.3.1/../../../../arm-none-eabi/lib/thumb/v7-m\libc_nano.a(lib_a-sprintf.o)
                              ./src/main.o (sprintf)
C:/ST/STM32CubeIDE_1.14.1/STM32CubeIDE/plugins/com.st.stm32cube.ide.mcu.externaltools.gnu-tools-for-stm32.7-2018-q2-update.win32_2.1.200.202402032213/tools/bin/../lib/gcc/arm-none-eabi/7.3.1/../../../../arm-none-eabi/lib/thumb/v7-m\libc_nano.a(lib_a-sscanf.o)
                              ./src/main.o (sscanf)
[...]
Memory Configuration

Name             Origin             Length             Attributes
RAM              0x0000000020000000 0x0000000000010000 xrw
FLASH            0x0000000008000000 0x0000000000080000 xr
*default*        0x0000000000000000 0xffffffffffffffff

Linker script and memory map

LOAD C:/ST/STM32CubeIDE_1.14.1/STM32CubeIDE/plugins/com.st.stm32cube.ide.mcu.externaltools.gnu-tools-for-stm32.7-2018-q2-update.win32_2.1.200.202402032213/tools/bin/../lib/gcc/arm-none-eabi/7.3.1/thumb/v7-m/crti.o
LOAD C:/ST/STM32CubeIDE_1.14.1/STM32CubeIDE/plugins/com.st.stm32cube.ide.mcu.externaltools.gnu-tools-for-stm32.7-2018-q2-update.win32_2.1.200.202402032213/tools/bin/../lib/gcc/arm-none-eabi/7.3.1/thumb/v7-m/crtbegin.o
LOAD C:/ST/STM32CubeIDE_1.14.1/STM32CubeIDE/plugins/com.st.stm32cube.ide.mcu.externaltools.gnu-tools-for-stm32.7-2018-q2-update.win32_2.1.200.202402032213/tools/bin/../lib/gcc/arm-none-eabi/7.3.1/../../../../arm-none-eabi/lib/thumb/v7-m/crt0.o
LOAD ./src/hal-m010.o
LOAD ./src/main.o
LOAD ./src/timers.o
LOAD ./src/usb.o
LOAD ./startup/startup_stm32.o
LOAD ./startup/sysmem.o
START GROUP
LOAD C:/ST/STM32CubeIDE_1.14.1/STM32CubeIDE/plugins/com.st.stm32cube.ide.mcu.externaltools.gnu-tools-for-stm32.7-2018-q2-update.win32_2.1.200.202402032213/tools/bin/../lib/gcc/arm-none-eabi/7.3.1/../../../../arm-none-eabi/lib/thumb/v7-m\libc_nano.a
LOAD C:/ST/STM32CubeIDE_1.14.1/STM32CubeIDE/plugins/com.st.stm32cube.ide.mcu.externaltools.gnu-tools-for-stm32.7-2018-q2-update.win32_2.1.200.202402032213/tools/bin/../lib/gcc/arm-none-eabi/7.3.1/../../../../arm-none-eabi/lib/thumb/v7-m\libm.a
END GROUP
START GROUP
LOAD C:/ST/STM32CubeIDE_1.14.1/STM32CubeIDE/plugins/com.st.stm32cube.ide.mcu.externaltools.gnu-tools-for-stm32.7-2018-q2-update.win32_2.1.200.202402032213/tools/bin/../lib/gcc/arm-none-eabi/7.3.1/thumb/v7-m\libgcc.a
LOAD C:/ST/STM32CubeIDE_1.14.1/STM32CubeIDE/plugins/com.st.stm32cube.ide.mcu.externaltools.gnu-tools-for-stm32.7-2018-q2-update.win32_2.1.200.202402032213/tools/bin/../lib/gcc/arm-none-eabi/7.3.1/../../../../arm-none-eabi/lib/thumb/v7-m\libc_nano.a
END GROUP
START GROUP
LOAD C:/ST/STM32CubeIDE_1.14.1/STM32CubeIDE/plugins/com.st.stm32cube.ide.mcu.externaltools.gnu-tools-for-stm32.7-2018-q2-update.win32_2.1.200.202402032213/tools/bin/../lib/gcc/arm-none-eabi/7.3.1/thumb/v7-m\libgcc.a
LOAD C:/ST/STM32CubeIDE_1.14.1/STM32CubeIDE/plugins/com.st.stm32cube.ide.mcu.externaltools.gnu-tools-for-stm32.7-2018-q2-update.win32_2.1.200.202402032213/tools/bin/../lib/gcc/arm-none-eabi/7.3.1/../../../../arm-none-eabi/lib/thumb/v7-m\libc_nano.a
LOAD C:/ST/STM32CubeIDE_1.14.1/STM32CubeIDE/plugins/com.st.stm32cube.ide.mcu.externaltools.gnu-tools-for-stm32.7-2018-q2-update.win32_2.1.200.202402032213/tools/bin/../lib/gcc/arm-none-eabi/7.3.1/../../../../arm-none-eabi/lib/thumb/v7-m\libnosys.a
END GROUP
START GROUP
LOAD C:/ST/STM32CubeIDE_1.14.1/STM32CubeIDE/plugins/com.st.stm32cube.ide.mcu.externaltools.gnu-tools-for-stm32.7-2018-q2-update.win32_2.1.200.202402032213/tools/bin/../lib/gcc/arm-none-eabi/7.3.1/thumb/v7-m\libgcc.a
LOAD C:/ST/STM32CubeIDE_1.14.1/STM32CubeIDE/plugins/com.st.stm32cube.ide.mcu.externaltools.gnu-tools-for-stm32.7-2018-q2-update.win32_2.1.200.202402032213/tools/bin/../lib/gcc/arm-none-eabi/7.3.1/../../../../arm-none-eabi/lib/thumb/v7-m\libc_nano.a
LOAD C:/ST/STM32CubeIDE_1.14.1/STM32CubeIDE/plugins/com.st.stm32cube.ide.mcu.externaltools.gnu-tools-for-stm32.7-2018-q2-update.win32_2.1.200.202402032213/tools/bin/../lib/gcc/arm-none-eabi/7.3.1/../../../../arm-none-eabi/lib/thumb/v7-m\libnosys.a
END GROUP
LOAD C:/ST/STM32CubeIDE_1.14.1/STM32CubeIDE/plugins/com.st.stm32cube.ide.mcu.externaltools.gnu-tools-for-stm32.7-2018-q2-update.win32_2.1.200.202402032213/tools/bin/../lib/gcc/arm-none-eabi/7.3.1/thumb/v7-m/crtend.o
LOAD C:/ST/STM32CubeIDE_1.14.1/STM32CubeIDE/plugins/com.st.stm32cube.ide.mcu.externaltools.gnu-tools-for-stm32.7-2018-q2-update.win32_2.1.200.202402032213/tools/bin/../lib/gcc/arm-none-eabi/7.3.1/thumb/v7-m/crtn.o
                0x0000000020010000                _estack = 0x20010000
                0x0000000000002000                _Min_Heap_Size = 0x2000
                0x0000000000004000                _Min_Stack_Size = 0x4000

.isr_vector     0x0000000008000000      0x130
                0x0000000008000000                . = ALIGN (0x4)
 *(.isr_vector)
 .isr_vector    0x0000000008000000      0x130 ./startup/startup_stm32.o
                0x0000000008000000                g_pfnVectors
                0x0000000008000130                . = ALIGN (0x4)

.text           0x0000000008000130     0x73a8
                0x0000000008000130                . = ALIGN (0x4)
 *(.text)
 .text          0x0000000008000130       0x40 C:/ST/STM32CubeIDE_1.14.1/STM32CubeIDE/plugins/com.st.stm32cube.ide.mcu.externaltools.gnu-tools-for-stm32.7-2018-q2-update.win32_2.1.200.202402032213/tools/bin/../lib/gcc/arm-none-eabi/7.3.1/thumb/v7-m/crtbegin.o
 .text          0x0000000008000170       0x10 C:/ST/STM32CubeIDE_1.14.1/STM32CubeIDE/plugins/com.st.stm32cube.ide.mcu.externaltools.gnu-tools-for-stm32.7-2018-q2-update.win32_2.1.200.202402032213/tools/bin/../lib/gcc/arm-none-eabi/7.3.1/../../../../arm-none-eabi/lib/thumb/v7-m\libc_nano.a(lib_a-strlen.o)
                0x0000000008000170                strlen
 .text          0x0000000008000180      0x378 C:/ST/STM32CubeIDE_1.14.1/STM32CubeIDE/plugins/com.st.stm32cube.ide.mcu.externaltools.gnu-tools-for-stm32.7-2018-q2-update.win32_2.1.200.202402032213/tools/bin/../lib/gcc/arm-none-eabi/7.3.1/thumb/v7-m\libgcc.a(_arm_addsubdf3.o)
                0x0000000008000180                __aeabi_drsub
                0x0000000008000188                __aeabi_dsub
                0x0000000008000188                __subdf3
                0x000000000800018c                __aeabi_dadd
                0x000000000800018c                __adddf3
                0x0000000008000404                __floatunsidf
                0x0000000008000404                __aeabi_ui2d
                0x0000000008000424                __floatsidf
                0x0000000008000424                __aeabi_i2d
                0x0000000008000448                __aeabi_f2d
                0x0000000008000448                __extendsfdf2
                0x000000000800048c                __floatundidf
                0x000000000800048c                __aeabi_ul2d
                0x000000000800049c                __floatdidf
                0x000000000800049c                __aeabi_l2d
 .text          0x00000000080004f8      0x424 C:/ST/STM32CubeIDE_1.14.1/STM32CubeIDE/plugins/com.st.stm32cube.ide.mcu.externaltools.gnu-tools-for-stm32.7-2018-q2-update.win32_2.1.200.202402032213/tools/bin/../lib/gcc/arm-none-eabi/7.3.1/thumb/v7-m\libgcc.a(_arm_muldivdf3.o)
                0x00000000080004f8                __aeabi_dmul
                0x00000000080004f8                __muldf3
                0x000000000800074c                __divdf3
                0x000000000800074c                __aeabi_ddiv
 .text          0x000000000800091c      0x110 C:/ST/STM32CubeIDE_1.14.1/STM32CubeIDE/plugins/com.st.stm32cube.ide.mcu.externaltools.gnu-tools-for-stm32.7-2018-q2-update.win32_2.1.200.202402032213/tools/bin/../lib/gcc/arm-none-eabi/7.3.1/thumb/v7-m\libgcc.a(_arm_cmpdf2.o)
                0x000000000800091c                __gtdf2
                0x000000000800091c                __gedf2
                0x0000000008000924                __ltdf2
                0x0000000008000924                __ledf2
                0x000000000800092c                __nedf2
                0x000000000800092c                __eqdf2
                0x000000000800092c                __cmpdf2
                0x00000000080009a8                __aeabi_cdrcmple
                0x00000000080009b8                __aeabi_cdcmpeq
                0x00000000080009b8                __aeabi_cdcmple
                0x00000000080009c8                __aeabi_dcmpeq
                0x00000000080009dc                __aeabi_dcmplt
                0x00000000080009f0                __aeabi_dcmple
                0x0000000008000a04                __aeabi_dcmpge
                0x0000000008000a18                __aeabi_dcmpgt
 .text          0x0000000008000a2c       0x2c C:/ST/STM32CubeIDE_1.14.1/STM32CubeIDE/plugins/com.st.stm32cube.ide.mcu.externaltools.gnu-tools-for-stm32.7-2018-q2-update.win32_2.1.200.202402032213/tools/bin/../lib/gcc/arm-none-eabi/7.3.1/thumb/v7-m\libgcc.a(_arm_unorddf2.o)
                0x0000000008000a2c                __unorddf2
                0x0000000008000a2c                __aeabi_dcmpun
 .text          0x0000000008000a58       0x50 C:/ST/STM32CubeIDE_1.14.1/STM32CubeIDE/plugins/com.st.stm32cube.ide.mcu.externaltools.gnu-tools-for-stm32.7-2018-q2-update.win32_2.1.200.202402032213/tools/bin/../lib/gcc/arm-none-eabi/7.3.1/thumb/v7-m\libgcc.a(_arm_fixdfsi.o)
                0x0000000008000a58                __aeabi_d2iz
                0x0000000008000a58                __fixdfsi
 .text          0x0000000008000aa8       0x40 C:/ST/STM32CubeIDE_1.14.1/STM32CubeIDE/plugins/com.st.stm32cube.ide.mcu.externaltools.gnu-tools-for-stm32.7-2018-q2-update.win32_2.1.200.202402032213/tools/bin/../lib/gcc/arm-none-eabi/7.3.1/thumb/v7-m\libgcc.a(_arm_fixunsdfsi.o)
                0x0000000008000aa8                __aeabi_d2uiz
                0x0000000008000aa8                __fixunsdfsi
 .text          0x0000000008000ae8       0xa0 C:/ST/STM32CubeIDE_1.14.1/STM32CubeIDE/plugins/com.st.stm32cube.ide.mcu.externaltools.gnu-tools-for-stm32.7-2018-q2-update.win32_2.1.200.202402032213/tools/bin/../lib/gcc/arm-none-eabi/7.3.1/thumb/v7-m\libgcc.a(_arm_truncdfsf2.o)
                0x0000000008000ae8                __truncdfsf2
                0x0000000008000ae8                __aeabi_d2f
 .text          0x0000000008000b88      0x21c C:/ST/STM32CubeIDE_1.14.1/STM32CubeIDE/plugins/com.st.stm32cube.ide.mcu.externaltools.gnu-tools-for-stm32.7-2018-q2-update.win32_2.1.200.202402032213/tools/bin/../lib/gcc/arm-none-eabi/7.3.1/thumb/v7-m\libgcc.a(_arm_addsubsf3.o)
                0x0000000008000b88                __aeabi_frsub
                0x0000000008000b90                __subsf3
                0x0000000008000b90                __aeabi_fsub
                0x0000000008000b94                __aeabi_fadd
                0x0000000008000b94                __addsf3
                0x0000000008000cf4                __aeabi_ui2f
                0x0000000008000cf4                __floatunsisf
                0x0000000008000cfc                __aeabi_i2f
                0x0000000008000cfc                __floatsisf
                0x0000000008000d18                __aeabi_ul2f
                0x0000000008000d18                __floatundisf
                0x0000000008000d28                __aeabi_l2f
                0x0000000008000d28                __floatdisf
 .text          0x0000000008000da4      0x2a0 C:/ST/STM32CubeIDE_1.14.1/STM32CubeIDE/plugins/com.st.stm32cube.ide.mcu.externaltools.gnu-tools-for-stm32.7-2018-q2-update.win32_2.1.200.202402032213/tools/bin/../lib/gcc/arm-none-eabi/7.3.1/thumb/v7-m\libgcc.a(_arm_muldivsf3.o)
                0x0000000008000da4                __mulsf3
                0x0000000008000da4                __aeabi_fmul
                0x0000000008000f0c                __aeabi_fdiv
                0x0000000008000f0c                __divsf3
 .text          0x0000000008001044       0xec C:/ST/STM32CubeIDE_1.14.1/STM32CubeIDE/plugins/com.st.stm32cube.ide.mcu.externaltools.gnu-tools-for-stm32.7-2018-q2-update.win32_2.1.200.202402032213/tools/bin/../lib/gcc/arm-none-eabi/7.3.1/thumb/v7-m\libgcc.a(_arm_cmpsf2.o)
                0x0000000008001044                __gesf2
                0x0000000008001044                __gtsf2
                0x000000000800104c                __lesf2
                0x000000000800104c                __ltsf2
                0x0000000008001054                __nesf2
                0x0000000008001054                __eqsf2
                0x0000000008001054                __cmpsf2
                0x00000000080010b4                __aeabi_cfrcmple
                0x00000000080010bc                __aeabi_cfcmpeq
                0x00000000080010bc                __aeabi_cfcmple
                0x00000000080010cc                __aeabi_fcmpeq
                0x00000000080010e0                __aeabi_fcmplt
                0x00000000080010f4                __aeabi_fcmple
                0x0000000008001108                __aeabi_fcmpge
                0x000000000800111c                __aeabi_fcmpgt
 .text          0x0000000008001130       0x40 C:/ST/STM32CubeIDE_1.14.1/STM32CubeIDE/plugins/com.st.stm32cube.ide.mcu.externaltools.gnu-tools-for-stm32.7-2018-q2-update.win32_2.1.200.202402032213/tools/bin/../lib/gcc/arm-none-eabi/7.3.1/thumb/v7-m\libgcc.a(_arm_fixunssfsi.o)
                0x0000000008001130                __fixunssfsi
                0x0000000008001130                __aeabi_f2uiz
 *(.text*)
 .text.setRisingCycles
                0x0000000008001170       0x14 ./src/hal-m010.o
                0x0000000008001170                setRisingCycles
 .text.setFallingCycles
                0x0000000008001184       0x14 ./src/hal-m010.o
                0x0000000008001184                setFallingCycles
 .text.clrRisingCycles
                0x0000000008001198       0x10 ./src/hal-m010.o
                0x0000000008001198                clrRisingCycles
 .text.clrFallingCycles
                0x00000000080011a8       0x10 ./src/hal-m010.o
                0x00000000080011a8                clrFallingCycles
 .text.getRisingCycles
                0x00000000080011b8        0xc ./src/hal-m010.o
                0x00000000080011b8                getRisingCycles
 .text.getFallingCycles
                0x00000000080011c4       0x10 ./src/hal-m010.o
                0x00000000080011c4                getFallingCycles
 .text.setRisingEdge
                0x00000000080011d4       0x10 ./src/hal-m010.o
                0x00000000080011d4                setRisingEdge
 .text.setFallingEdge
                0x00000000080011e4       0x10 ./src/hal-m010.o
                0x00000000080011e4                setFallingEdge
 .text.clrRisingEdge
                0x00000000080011f4       0x10 ./src/hal-m010.o
                0x00000000080011f4                clrRisingEdge
 .text.clrFallingEdge
                0x0000000008001204       0x10 ./src/hal-m010.o
                0x0000000008001204                clrFallingEdge
 .text.getRisingEdge
                0x0000000008001214       0x10 ./src/hal-m010.o
                0x0000000008001214                getRisingEdge
 .text.getFallingEdge
                0x0000000008001224       0x10 ./src/hal-m010.o
                0x0000000008001224                getFallingEdge
 .text.setRisingEdges
                0x0000000008001234       0x18 ./src/hal-m010.o
                0x0000000008001234                setRisingEdges
 .text.setFallingEdges
                0x000000000800124c       0x18 ./src/hal-m010.o
                0x000000000800124c                setFallingEdges
 .text.clrRisingEdges
                0x0000000008001264       0x14 ./src/hal-m010.o
                0x0000000008001264                clrRisingEdges
 .text.clrFallingEdges
                0x0000000008001278       0x14 ./src/hal-m010.o
                0x0000000008001278                clrFallingEdges
 .text.getRisingEdges
                0x000000000800128c       0x10 ./src/hal-m010.o
                0x000000000800128c                getRisingEdges
 .text.getFallingEdges
                0x000000000800129c       0x10 ./src/hal-m010.o
                0x000000000800129c                getFallingEdges
 .text.getGpioPinFromPortPin
                0x00000000080012ac       0x88 ./src/hal-m010.o
                0x00000000080012ac                getGpioPinFromPortPin
 .text.initOutputLO
                0x0000000008001334       0x86 ./src/hal-m010.o
                0x0000000008001334                initOutputLO
 .text.getPin   0x00000000080013ba       0x26 ./src/hal-m010.o
                0x00000000080013ba                getPin
 .text.EXTI4_IRQHandler
                0x00000000080013e0       0x44 ./src/hal-m010.o
                0x00000000080013e0                EXTI4_IRQHandler
 .text.EXTI9_5_IRQHandler
                0x0000000008001424      0x128 ./src/hal-m010.o
                0x0000000008001424                EXTI9_5_IRQHandler
 .text.EXTI15_10_IRQHandler
                0x000000000800154c       0x68 ./src/hal-m010.o
                0x000000000800154c                EXTI15_10_IRQHandler
 .text.initDbgLed
                0x00000000080015b4       0x14 ./src/hal-m010.o
                0x00000000080015b4                initDbgLed
 .text.setDbgLED
                0x00000000080015c8       0x10 ./src/hal-m010.o
                0x00000000080015c8                setDbgLED
 .text.clrDbgLED
                0x00000000080015d8       0x10 ./src/hal-m010.o
                0x00000000080015d8                clrDbgLED
 .text.initRelays
                0x00000000080015e8       0x24 ./src/hal-m010.o
                0x00000000080015e8                initRelays
 .text.setRelay0
                0x000000000800160c       0x10 ./src/hal-m010.o
                0x000000000800160c                setRelay0
 .text.clrRelay0
                0x000000000800161c       0x10 ./src/hal-m010.o
                0x000000000800161c                clrRelay0
 .text.getRelay0
                0x000000000800162c       0x10 ./src/hal-m010.o
                0x000000000800162c                getRelay0
 .text.setRelay1
                0x000000000800163c       0x10 ./src/hal-m010.o
                0x000000000800163c                setRelay1
 .text.clrRelay1
                0x000000000800164c       0x10 ./src/hal-m010.o
                0x000000000800164c                clrRelay1
 .text.getRelay1
                0x000000000800165c       0x10 ./src/hal-m010.o
                0x000000000800165c                getRelay1
 .text.initPortC
                0x000000000800166c       0x24 ./src/hal-m010.o
                0x000000000800166c                initPortC
 .text.initPortB
                0x0000000008001690       0x20 ./src/hal-m010.o
                0x0000000008001690                initPortB
 .text.initPortA
                0x00000000080016b0       0xf4 ./src/hal-m010.o
                0x00000000080016b0                initPortA
 .text.initDACs
                0x00000000080017a4       0x48 ./src/hal-m010.o
                0x00000000080017a4                initDACs
 .text.writeDacRaw
                0x00000000080017ec       0x28 ./src/hal-m010.o
                0x00000000080017ec                writeDacRaw
 .text.readDacRaw
                0x0000000008001814       0x1c ./src/hal-m010.o
                0x0000000008001814                readDacRaw
 .text.dacVoltToRaw
                0x0000000008001830       0x38 ./src/hal-m010.o
                0x0000000008001830                dacVoltToRaw
 .text.writeDacVolts
                0x0000000008001868       0x3c ./src/hal-m010.o
                0x0000000008001868                writeDacVolts
 *fill*         0x00000000080018a4        0x4 
 .text.dacRawToVolt
                0x00000000080018a8       0x34 ./src/hal-m010.o
                0x00000000080018a8                dacRawToVolt
 .text.readDacVolts
                0x00000000080018dc        0xc ./src/hal-m010.o
                0x00000000080018dc                readDacVolts
 .text.initHal  0x00000000080018e8       0x44 ./src/hal-m010.o
                0x00000000080018e8                initHal
 .text.usbCdcInit
                0x000000000800192c        0xc ./src/main.o
                0x000000000800192c                usbCdcInit
 .text.usbCdcTxEnqueueStrsInt
                0x0000000008001938       0x90 ./src/main.o
                0x0000000008001938                usbCdcTxEnqueueStrsInt
 .text.usbCdcTxEnqueueStrsFloat
                0x00000000080019c8       0x98 ./src/main.o
                0x00000000080019c8                usbCdcTxEnqueueStrsFloat
 .text.usbCdcTxEnqueueStrs
                0x0000000008001a60       0x78 ./src/main.o
                0x0000000008001a60                usbCdcTxEnqueueStrs
 .text.usbCdcTxEnqueueStr
                0x0000000008001ad8       0x48 ./src/main.o
                0x0000000008001ad8                usbCdcTxEnqueueStr
 .text.usbCdcRxDequeue
                0x0000000008001b20       0x12 ./src/main.o
                0x0000000008001b20                usbCdcRxDequeue
 *fill*         0x0000000008001b32        0x2 
 .text.getScpiIdfromMsg
                0x0000000008001b34       0x64 ./src/main.o
                0x0000000008001b34                getScpiIdfromMsg
 .text.TIM1_UP_IRQHandler
                0x0000000008001b98       0x14 ./src/main.o
                0x0000000008001b98                TIM1_UP_IRQHandler
 .text.keepaliveDelayMs
                0x0000000008001bac       0x14 ./src/main.o
                0x0000000008001bac                keepaliveDelayMs
 .text.initKeepalive
                0x0000000008001bc0       0x50 ./src/main.o
                0x0000000008001bc0                initKeepalive
 .text.keepaliveSetPeriod
                0x0000000008001c10       0x34 ./src/main.o
                0x0000000008001c10                keepaliveSetPeriod
 .text.keepaliveStart
                0x0000000008001c44       0x10 ./src/main.o
                0x0000000008001c44                keepaliveStart
 .text.keepaliveStop
                0x0000000008001c54       0x10 ./src/main.o
                0x0000000008001c54                keepaliveStop
 .text.rstMain  0x0000000008001c64       0x22 ./src/main.o
 *fill*         0x0000000008001c86        0x2 
 .text.keepaliveReset
                0x0000000008001c88       0x10 ./src/main.o
                0x0000000008001c88                keepaliveReset
 .text.keepaliveGetState
                0x0000000008001c98       0x10 ./src/main.o
                0x0000000008001c98                keepaliveGetState
 .text.SysTick_Handler
                0x0000000008001ca8       0xb0 ./src/main.o
                0x0000000008001ca8                SysTick_Handler
 .text.delay_ms
                0x0000000008001d58       0x14 ./src/main.o
                0x0000000008001d58                delay_ms
 .text.blinkDbgLed
                0x0000000008001d6c       0x70 ./src/main.o
 .text.init_clock
                0x0000000008001ddc       0xa4 ./src/main.o
                0x0000000008001ddc                init_clock
 .text.init_io  0x0000000008001e80       0x10 ./src/main.o
                0x0000000008001e80                init_io
 .text.main     0x0000000008001e90      0x378 ./src/main.o
                0x0000000008001e90                main
 .text.getTimerPSC
                0x0000000008002208      0x108 ./src/timers.o
                0x0000000008002208                getTimerPSC
 .text.getTimerARR
                0x0000000008002310       0x58 ./src/timers.o
                0x0000000008002310                getTimerARR
 .text.getTimerPeriod
                0x0000000008002368       0x24 ./src/timers.o
                0x0000000008002368                getTimerPeriod
 .text.getTimerState
                0x000000000800238c        0x8 ./src/timers.o
                0x000000000800238c                getTimerState
 .text.initTIM  0x0000000008002394       0x54 ./src/timers.o
                0x0000000008002394                initTIM
 .text.stopTIM  0x00000000080023e8       0x18 ./src/timers.o
                0x00000000080023e8                stopTIM
 .text.startTIM
                0x0000000008002400       0x18 ./src/timers.o
                0x0000000008002400                startTIM
 .text.resetTIM
                0x0000000008002418        0xe ./src/timers.o
                0x0000000008002418                resetTIM
 .text.updateEventTIM
                0x0000000008002426        0xa ./src/timers.o
                0x0000000008002426                updateEventTIM
 .text.setTIM   0x0000000008002430       0x54 ./src/timers.o
                0x0000000008002430                setTIM
 .text.tim1SetRegUpdating
                0x0000000008002484        0xc ./src/timers.o
                0x0000000008002484                tim1SetRegUpdating
 .text.tim1ClrRegUpdating
                0x0000000008002490        0xc ./src/timers.o
                0x0000000008002490                tim1ClrRegUpdating
 .text.tim1SetRanout
                0x000000000800249c       0x14 ./src/timers.o
                0x000000000800249c                tim1SetRanout
 .text.tim1GetRanout
                0x00000000080024b0        0xc ./src/timers.o
                0x00000000080024b0                tim1GetRanout
 .text.tim1ClrRanout
                0x00000000080024bc        0xc ./src/timers.o
                0x00000000080024bc                tim1ClrRanout
 .text.Class_Start
                0x00000000080024c8       0x2c ./src/usb.o
                0x00000000080024c8                Class_Start
 .text.Stall    0x00000000080024f4       0x30 ./src/usb.o
                0x00000000080024f4                Stall
 .text.UnStall  0x0000000008002524       0x64 ./src/usb.o
                0x0000000008002524                UnStall
 .text.StallLogEP
                0x0000000008002588       0x12 ./src/usb.o
                0x0000000008002588                StallLogEP
 .text.ClearBuffer
                0x000000000800259a       0x20 ./src/usb.o
                0x000000000800259a                ClearBuffer
 .text.ValidateBuffer
                0x00000000080025ba       0x20 ./src/usb.o
                0x00000000080025ba                ValidateBuffer
 *fill*         0x00000000080025da        0x2 
 .text.InitEndpoints
                0x00000000080025dc       0xb4 ./src/usb.o
                0x00000000080025dc                InitEndpoints
 .text.Nop      0x0000000008002690       0x1a ./src/usb.o
                0x0000000008002690                Nop
 *fill*         0x00000000080026aa        0x2 
 .text.ReadControlBlock
                0x00000000080026ac       0x54 ./src/usb.o
                0x00000000080026ac                ReadControlBlock
 .text.WriteControlBlock
                0x0000000008002700       0x60 ./src/usb.o
                0x0000000008002700                WriteControlBlock
 .text.ACK      0x0000000008002760       0x10 ./src/usb.o
                0x0000000008002760                ACK
 .text.IsStandardRequest
                0x0000000008002770       0x14 ./src/usb.o
                0x0000000008002770                IsStandardRequest
 .text.IsClassRequest
                0x0000000008002784       0x18 ./src/usb.o
                0x0000000008002784                IsClassRequest
 .text.DescriptorBlockwiseIn
                0x000000000800279c       0x3c ./src/usb.o
                0x000000000800279c                DescriptorBlockwiseIn
 .text.DoSetClearFeature
                0x00000000080027d8       0x60 ./src/usb.o
                0x00000000080027d8                DoSetClearFeature
 .text.DoGetStatus
                0x0000000008002838       0xb8 ./src/usb.o
                0x0000000008002838                DoGetStatus
 .text.DoGetDescriptor
                0x00000000080028f0       0x88 ./src/usb.o
                0x00000000080028f0                DoGetDescriptor
 .text.DoSetAddress
                0x0000000008002978       0x18 ./src/usb.o
                0x0000000008002978                DoSetAddress
 .text.DoSetConfiguration
                0x0000000008002990       0x30 ./src/usb.o
                0x0000000008002990                DoSetConfiguration
 .text.SetLineCodingDataOut
                0x00000000080029c0       0x14 ./src/usb.o
                0x00000000080029c0                SetLineCodingDataOut
 .text.VCOM_Read_DTR_RTS
                0x00000000080029d4       0x1c ./src/usb.o
                0x00000000080029d4                VCOM_Read_DTR_RTS
 .text.VCOM_GetLineCoding
                0x00000000080029f0       0x20 ./src/usb.o
                0x00000000080029f0                VCOM_GetLineCoding
 .text.OnSetup  0x0000000008002a10       0xbc ./src/usb.o
                0x0000000008002a10                OnSetup
 .text.OnEpCtrlOut
                0x0000000008002acc       0x40 ./src/usb.o
                0x0000000008002acc                OnEpCtrlOut
 .text.OnEpCtrlIn
                0x0000000008002b0c       0x34 ./src/usb.o
                0x0000000008002b0c                OnEpCtrlIn
 .text.EpBulkBeginTransmit
                0x0000000008002b40       0x90 ./src/usb.o
                0x0000000008002b40                EpBulkBeginTransmit
 .text.OnEpBulkIn
                0x0000000008002bd0       0x20 ./src/usb.o
                0x0000000008002bd0                OnEpBulkIn
 .text.OnEpBulkOut
                0x0000000008002bf0       0xa0 ./src/usb.o
                0x0000000008002bf0                OnEpBulkOut
 .text.USB_LP_CAN_RX0_IRQHandler
                0x0000000008002c90      0x140 ./src/usb.o
                0x0000000008002c90                USB_LP_CAN_RX0_IRQHandler
 .text.UsbSetup
                0x0000000008002dd0       0x68 ./src/usb.o
                0x0000000008002dd0                UsbSetup
 .text.UsbRxBufferContains
                0x0000000008002e38       0x48 ./src/usb.o
                0x0000000008002e38                UsbRxBufferContains
 .text.UsbGetChar_noWait
                0x0000000008002e80       0x88 ./src/usb.o
                0x0000000008002e80                UsbGetChar_noWait
 .text.UsbGetStr
                0x0000000008002f08       0x9c ./src/usb.o
                0x0000000008002f08                UsbGetStr
 .text.UsbActive
                0x0000000008002fa4       0x1c ./src/usb.o
                0x0000000008002fa4                UsbActive
 .text.UsbSendChar_noWait
                0x0000000008002fc0       0x4c ./src/usb.o
                0x0000000008002fc0                UsbSendChar_noWait
 .text.UsbSendStr
                0x000000000800300c       0x6c ./src/usb.o
                0x000000000800300c                UsbSendStr
 .text.Reset_Handler
                0x0000000008003078       0x50 ./startup/startup_stm32.o
                0x0000000008003078                Reset_Handler
 .text.Default_Handler
                0x00000000080030c8        0x2 ./startup/startup_stm32.o
                0x00000000080030c8                EXTI2_IRQHandler
                0x00000000080030c8                TIM8_TRG_COM_IRQHandler
                0x00000000080030c8                TIM8_CC_IRQHandler
                0x00000000080030c8                DebugMon_Handler
                0x00000000080030c8                TIM1_CC_IRQHandler
                0x00000000080030c8                HardFault_Handler
                0x00000000080030c8                TIM6_IRQHandler
                0x00000000080030c8                PVD_IRQHandler
                0x00000000080030c8                SDIO_IRQHandler
                0x00000000080030c8                PendSV_Handler
                0x00000000080030c8                NMI_Handler
                0x00000000080030c8                EXTI3_IRQHandler
                0x00000000080030c8                USB_HP_CAN_TX_IRQHandler
                0x00000000080030c8                EXTI0_IRQHandler
                0x00000000080030c8                I2C2_EV_IRQHandler
                0x00000000080030c8                UsageFault_Handler
                0x00000000080030c8                ADC1_2_IRQHandler
                0x00000000080030c8                SPI1_IRQHandler
                0x00000000080030c8                CAN_SCE_IRQHandler
                0x00000000080030c8                TAMPER_IRQHandler
                0x00000000080030c8                TIM8_UP_IRQHandler
                0x00000000080030c8                DMA2_Channel2_IRQHandler
                0x00000000080030c8                DMA1_Channel4_IRQHandler
                0x00000000080030c8                USART3_IRQHandler
                0x00000000080030c8                RTC_IRQHandler
                0x00000000080030c8                DMA1_Channel7_IRQHandler
                0x00000000080030c8                UART5_IRQHandler
                0x00000000080030c8                ADC3_IRQHandler
                0x00000000080030c8                TIM4_IRQHandler
                0x00000000080030c8                CAN_RX1_IRQHandler
                0x00000000080030c8                DMA2_Channel1_IRQHandler
                0x00000000080030c8                I2C1_EV_IRQHandler
                0x00000000080030c8                DMA1_Channel6_IRQHandler
                0x00000000080030c8                UART4_IRQHandler
                0x00000000080030c8                TIM3_IRQHandler
                0x00000000080030c8                RCC_IRQHandler
                0x00000000080030c8                TIM1_TRG_COM_IRQHandler
                0x00000000080030c8                DMA1_Channel1_IRQHandler
                0x00000000080030c8                Default_Handler
                0x00000000080030c8                TIM7_IRQHandler
                0x00000000080030c8                TIM5_IRQHandler
                0x00000000080030c8                SPI2_IRQHandler
                0x00000000080030c8                MemManage_Handler
                0x00000000080030c8                SVC_Handler
                0x00000000080030c8                DMA1_Channel5_IRQHandler
                0x00000000080030c8                DMA1_Channel3_IRQHandler
                0x00000000080030c8                FSMC_IRQHandler
                0x00000000080030c8                WWDG_IRQHandler
                0x00000000080030c8                TIM2_IRQHandler
                0x00000000080030c8                TIM1_BRK_IRQHandler
                0x00000000080030c8                EXTI1_IRQHandler
                0x00000000080030c8                RTCAlarm_IRQHandler
                0x00000000080030c8                DMA2_Channel4_5_IRQHandler
                0x00000000080030c8                USART2_IRQHandler
                0x00000000080030c8                I2C2_ER_IRQHandler
                0x00000000080030c8                DMA1_Channel2_IRQHandler
                0x00000000080030c8                TIM8_BRK_IRQHandler
                0x00000000080030c8                FLASH_IRQHandler
                0x00000000080030c8                BusFault_Handler
                0x00000000080030c8                USART1_IRQHandler
                0x00000000080030c8                SPI3_IRQHandler
                0x00000000080030c8                I2C1_ER_IRQHandler
                0x00000000080030c8                DMA2_Channel3_IRQHandler
 *fill*         0x00000000080030ca        0x2 
 .text._sbrk    0x00000000080030cc       0x34 ./startup/sysmem.o
                0x00000000080030cc                _sbrk
 .text.__errno  0x0000000008003100        0xc C:/ST/STM32CubeIDE_1.14.1/STM32CubeIDE/plugins/com.st.stm32cube.ide.mcu.externaltools.gnu-tools-for-stm32.7-2018-q2-update.win32_2.1.200.202402032213/tools/bin/../lib/gcc/arm-none-eabi/7.3.1/../../../../arm-none-eabi/lib/thumb/v7-m\libc_nano.a(lib_a-errno.o)
                0x0000000008003100                __errno
 .text.__libc_init_array
                0x000000000800310c       0x48 C:/ST/STM32CubeIDE_1.14.1/STM32CubeIDE/plugins/com.st.stm32cube.ide.mcu.externaltools.gnu-tools-for-stm32.7-2018-q2-update.win32_2.1.200.202402032213/tools/bin/../lib/gcc/arm-none-eabi/7.3.1/../../../../arm-none-eabi/lib/thumb/v7-m\libc_nano.a(lib_a-init.o)
                0x000000000800310c                __libc_init_array
 .text.memset   0x0000000008003154       0x10 C:/ST/STM32CubeIDE_1.14.1/STM32CubeIDE/plugins/com.st.stm32cube.ide.mcu.externaltools.gnu-tools-for-stm32.7-2018-q2-update.win32_2.1.200.202402032213/tools/bin/../lib/gcc/arm-none-eabi/7.3.1/../../../../arm-none-eabi/lib/thumb/v7-m\libc_nano.a(lib_a-memset.o)
                0x0000000008003154                memset
 .text.__cvt    0x0000000008003164       0xb8 C:/ST/STM32CubeIDE_1.14.1/STM32CubeIDE/plugins/com.st.stm32cube.ide.mcu.externaltools.gnu-tools-for-stm32.7-2018-q2-update.win32_2.1.200.202402032213/tools/bin/../lib/gcc/arm-none-eabi/7.3.1/../../../../arm-none-eabi/lib/thumb/v7-m\libc_nano.a(lib_a-nano-vfprintf_float.o)
                0x0000000008003164                __cvt
 .text.__exponent
                0x000000000800321c       0x6a C:/ST/STM32CubeIDE_1.14.1/STM32CubeIDE/plugins/com.st.stm32cube.ide.mcu.externaltools.gnu-tools-for-stm32.7-2018-q2-update.win32_2.1.200.202402032213/tools/bin/../lib/gcc/arm-none-eabi/7.3.1/../../../../arm-none-eabi/lib/thumb/v7-m\libc_nano.a(lib_a-nano-vfprintf_float.o)
                0x000000000800321c                __exponent
 *fill*         0x0000000008003286        0x2 
 .text._printf_float
                0x0000000008003288      0x46c C:/ST/STM32CubeIDE_1.14.1/STM32CubeIDE/plugins/com.st.stm32cube.ide.mcu.externaltools.gnu-tools-for-stm32.7-2018-q2-update.win32_2.1.200.202402032213/tools/bin/../lib/gcc/arm-none-eabi/7.3.1/../../../../arm-none-eabi/lib/thumb/v7-m\libc_nano.a(lib_a-nano-vfprintf_float.o)
                0x0000000008003288                _printf_float
 .text._printf_common
                0x00000000080036f4       0xec C:/ST/STM32CubeIDE_1.14.1/STM32CubeIDE/plugins/com.st.stm32cube.ide.mcu.externaltools.gnu-tools-for-stm32.7-2018-q2-update.win32_2.1.200.202402032213/tools/bin/../lib/gcc/arm-none-eabi/7.3.1/../../../../arm-none-eabi/lib/thumb/v7-m\libc_nano.a(lib_a-nano-vfprintf_i.o)
                0x00000000080036f4                _printf_common
 .text._printf_i
                0x00000000080037e0      0x224 C:/ST/STM32CubeIDE_1.14.1/STM32CubeIDE/plugins/com.st.stm32cube.ide.mcu.externaltools.gnu-tools-for-stm32.7-2018-q2-update.win32_2.1.200.202402032213/tools/bin/../lib/gcc/arm-none-eabi/7.3.1/../../../../arm-none-eabi/lib/thumb/v7-m\libc_nano.a(lib_a-nano-vfprintf_i.o)
                0x00000000080037e0                _printf_i
 .text._scanf_float
                0x0000000008003a04      0x3c0 C:/ST/STM32CubeIDE_1.14.1/STM32CubeIDE/plugins/com.st.stm32cube.ide.mcu.externaltools.gnu-tools-for-stm32.7-2018-q2-update.win32_2.1.200.202402032213/tools/bin/../lib/gcc/arm-none-eabi/7.3.1/../../../../arm-none-eabi/lib/thumb/v7-m\libc_nano.a(lib_a-nano-vfscanf_float.o)
                0x0000000008003a04                _scanf_float
 .text.nanf     0x0000000008003dc4        0x8 C:/ST/STM32CubeIDE_1.14.1/STM32CubeIDE/plugins/com.st.stm32cube.ide.mcu.externaltools.gnu-tools-for-stm32.7-2018-q2-update.win32_2.1.200.202402032213/tools/bin/../lib/gcc/arm-none-eabi/7.3.1/../../../../arm-none-eabi/lib/thumb/v7-m\libc_nano.a(lib_a-sf_nan.o)
                0x0000000008003dc4                nanf
 .text.sprintf  0x0000000008003dcc       0x40 C:/ST/STM32CubeIDE_1.14.1/STM32CubeIDE/plugins/com.st.stm32cube.ide.mcu.externaltools.gnu-tools-for-stm32.7-2018-q2-update.win32_2.1.200.202402032213/tools/bin/../lib/gcc/arm-none-eabi/7.3.1/../../../../arm-none-eabi/lib/thumb/v7-m\libc_nano.a(lib_a-sprintf.o)
                0x0000000008003dcc                siprintf
                0x0000000008003dcc                sprintf
 .text.sscanf   0x0000000008003e0c       0x54 C:/ST/STM32CubeIDE_1.14.1/STM32CubeIDE/plugins/com.st.stm32cube.ide.mcu.externaltools.gnu-tools-for-stm32.7-2018-q2-update.win32_2.1.200.202402032213/tools/bin/../lib/gcc/arm-none-eabi/7.3.1/../../../../arm-none-eabi/lib/thumb/v7-m\libc_nano.a(lib_a-sscanf.o)
                0x0000000008003e0c                siscanf
                0x0000000008003e0c                sscanf
 .text.__seofread
                0x0000000008003e60        0x4 C:/ST/STM32CubeIDE_1.14.1/STM32CubeIDE/plugins/com.st.stm32cube.ide.mcu.externaltools.gnu-tools-for-stm32.7-2018-q2-update.win32_2.1.200.202402032213/tools/bin/../lib/gcc/arm-none-eabi/7.3.1/../../../../arm-none-eabi/lib/thumb/v7-m\libc_nano.a(lib_a-stdio.o)
                0x0000000008003e60                __seofread
 .text.strcat   0x0000000008003e64       0x1e C:/ST/STM32CubeIDE_1.14.1/STM32CubeIDE/plugins/com.st.stm32cube.ide.mcu.externaltools.gnu-tools-for-stm32.7-2018-q2-update.win32_2.1.200.202402032213/tools/bin/../lib/gcc/arm-none-eabi/7.3.1/../../../../arm-none-eabi/lib/thumb/v7-m\libc_nano.a(lib_a-strcat.o)
                0x0000000008003e64                strcat
 .text.strncasecmp
                0x0000000008003e82       0x4a C:/ST/STM32CubeIDE_1.14.1/STM32CubeIDE/plugins/com.st.stm32cube.ide.mcu.externaltools.gnu-tools-for-stm32.7-2018-q2-update.win32_2.1.200.202402032213/tools/bin/../lib/gcc/arm-none-eabi/7.3.1/../../../../arm-none-eabi/lib/thumb/v7-m\libc_nano.a(lib_a-strncasecmp.o)
                0x0000000008003e82                strncasecmp
 .text.unlikely.sulp
                0x0000000008003ecc       0x42 C:/ST/STM32CubeIDE_1.14.1/STM32CubeIDE/plugins/com.st.stm32cube.ide.mcu.externaltools.gnu-tools-for-stm32.7-2018-q2-update.win32_2.1.200.202402032213/tools/bin/../lib/gcc/arm-none-eabi/7.3.1/../../../../arm-none-eabi/lib/thumb/v7-m\libc_nano.a(lib_a-strtod.o)
 *fill*         0x0000000008003f0e        0x2 
 .text._strtod_l
                0x0000000008003f10      0xc00 C:/ST/STM32CubeIDE_1.14.1/STM32CubeIDE/plugins/com.st.stm32cube.ide.mcu.externaltools.gnu-tools-for-stm32.7-2018-q2-update.win32_2.1.200.202402032213/tools/bin/../lib/gcc/arm-none-eabi/7.3.1/../../../../arm-none-eabi/lib/thumb/v7-m\libc_nano.a(lib_a-strtod.o)
                0x0000000008003f10                _strtod_l
 .text._strtod_r
                0x0000000008004b10       0x20 C:/ST/STM32CubeIDE_1.14.1/STM32CubeIDE/plugins/com.st.stm32cube.ide.mcu.externaltools.gnu-tools-for-stm32.7-2018-q2-update.win32_2.1.200.202402032213/tools/bin/../lib/gcc/arm-none-eabi/7.3.1/../../../../arm-none-eabi/lib/thumb/v7-m\libc_nano.a(lib_a-strtod.o)
                0x0000000008004b10                _strtod_r
 .text._strtol_l.isra.0
                0x0000000008004b30       0xf6 C:/ST/STM32CubeIDE_1.14.1/STM32CubeIDE/plugins/com.st.stm32cube.ide.mcu.externaltools.gnu-tools-for-stm32.7-2018-q2-update.win32_2.1.200.202402032213/tools/bin/../lib/gcc/arm-none-eabi/7.3.1/../../../../arm-none-eabi/lib/thumb/v7-m\libc_nano.a(lib_a-strtol.o)
 *fill*         0x0000000008004c26        0x2 
 .text._strtol_r
                0x0000000008004c28       0x24 C:/ST/STM32CubeIDE_1.14.1/STM32CubeIDE/plugins/com.st.stm32cube.ide.mcu.externaltools.gnu-tools-for-stm32.7-2018-q2-update.win32_2.1.200.202402032213/tools/bin/../lib/gcc/arm-none-eabi/7.3.1/../../../../arm-none-eabi/lib/thumb/v7-m\libc_nano.a(lib_a-strtol.o)
                0x0000000008004c28                _strtol_r
 .text.quorem   0x0000000008004c4c      0x11c C:/ST/STM32CubeIDE_1.14.1/STM32CubeIDE/plugins/com.st.stm32cube.ide.mcu.externaltools.gnu-tools-for-stm32.7-2018-q2-update.win32_2.1.200.202402032213/tools/bin/../lib/gcc/arm-none-eabi/7.3.1/../../../../arm-none-eabi/lib/thumb/v7-m\libc_nano.a(lib_a-dtoa.o)
 .text._dtoa_r  0x0000000008004d68      0xb68 C:/ST/STM32CubeIDE_1.14.1/STM32CubeIDE/plugins/com.st.stm32cube.ide.mcu.externaltools.gnu-tools-for-stm32.7-2018-q2-update.win32_2.1.200.202402032213/tools/bin/../lib/gcc/arm-none-eabi/7.3.1/../../../../arm-none-eabi/lib/thumb/v7-m\libc_nano.a(lib_a-dtoa.o)
                0x0000000008004d68                _dtoa_r
 .text.rshift   0x00000000080058d0       0x76 C:/ST/STM32CubeIDE_1.14.1/STM32CubeIDE/plugins/com.st.stm32cube.ide.mcu.externaltools.gnu-tools-for-stm32.7-2018-q2-update.win32_2.1.200.202402032213/tools/bin/../lib/gcc/arm-none-eabi/7.3.1/../../../../arm-none-eabi/lib/thumb/v7-m\libc_nano.a(lib_a-gdtoa-gethex.o)
 .text.__hexdig_fun
                0x0000000008005946       0x2a C:/ST/STM32CubeIDE_1.14.1/STM32CubeIDE/plugins/com.st.stm32cube.ide.mcu.externaltools.gnu-tools-for-stm32.7-2018-q2-update.win32_2.1.200.202402032213/tools/bin/../lib/gcc/arm-none-eabi/7.3.1/../../../../arm-none-eabi/lib/thumb/v7-m\libc_nano.a(lib_a-gdtoa-gethex.o)
                0x0000000008005946                __hexdig_fun
 .text.__gethex
                0x0000000008005970      0x444 C:/ST/STM32CubeIDE_1.14.1/STM32CubeIDE/plugins/com.st.stm32cube.ide.mcu.externaltools.gnu-tools-for-stm32.7-2018-q2-update.win32_2.1.200.202402032213/tools/bin/../lib/gcc/arm-none-eabi/7.3.1/../../../../arm-none-eabi/lib/thumb/v7-m\libc_nano.a(lib_a-gdtoa-gethex.o)
                0x0000000008005970                __gethex
 .text.L_shift  0x0000000008005db4       0x24 C:/ST/STM32CubeIDE_1.14.1/STM32CubeIDE/plugins/com.st.stm32cube.ide.mcu.externaltools.gnu-tools-for-stm32.7-2018-q2-update.win32_2.1.200.202402032213/tools/bin/../lib/gcc/arm-none-eabi/7.3.1/../../../../arm-none-eabi/lib/thumb/v7-m\libc_nano.a(lib_a-gdtoa-hexnan.o)
 .text.__match  0x0000000008005dd8       0x28 C:/ST/STM32CubeIDE_1.14.1/STM32CubeIDE/plugins/com.st.stm32cube.ide.mcu.externaltools.gnu-tools-for-stm32.7-2018-q2-update.win32_2.1.200.202402032213/tools/bin/../lib/gcc/arm-none-eabi/7.3.1/../../../../arm-none-eabi/lib/thumb/v7-m\libc_nano.a(lib_a-gdtoa-hexnan.o)
                0x0000000008005dd8                __match
 .text.__hexnan
                0x0000000008005e00      0x120 C:/ST/STM32CubeIDE_1.14.1/STM32CubeIDE/plugins/com.st.stm32cube.ide.mcu.externaltools.gnu-tools-for-stm32.7-2018-q2-update.win32_2.1.200.202402032213/tools/bin/../lib/gcc/arm-none-eabi/7.3.1/../../../../arm-none-eabi/lib/thumb/v7-m\libc_nano.a(lib_a-gdtoa-hexnan.o)
                0x0000000008005e00                __hexnan
 .text.__locale_ctype_ptr_l
                0x0000000008005f20        0x6 C:/ST/STM32CubeIDE_1.14.1/STM32CubeIDE/plugins/com.st.stm32cube.ide.mcu.externaltools.gnu-tools-for-stm32.7-2018-q2-update.win32_2.1.200.202402032213/tools/bin/../lib/gcc/arm-none-eabi/7.3.1/../../../../arm-none-eabi/lib/thumb/v7-m\libc_nano.a(lib_a-locale.o)
                0x0000000008005f20                __locale_ctype_ptr_l
 *fill*         0x0000000008005f26        0x2 
 .text.__locale_ctype_ptr
                0x0000000008005f28       0x1c C:/ST/STM32CubeIDE_1.14.1/STM32CubeIDE/plugins/com.st.stm32cube.ide.mcu.externaltools.gnu-tools-for-stm32.7-2018-q2-update.win32_2.1.200.202402032213/tools/bin/../lib/gcc/arm-none-eabi/7.3.1/../../../../arm-none-eabi/lib/thumb/v7-m\libc_nano.a(lib_a-locale.o)
                0x0000000008005f28                __locale_ctype_ptr
 .text.__localeconv_l
                0x0000000008005f44        0x4 C:/ST/STM32CubeIDE_1.14.1/STM32CubeIDE/plugins/com.st.stm32cube.ide.mcu.externaltools.gnu-tools-for-stm32.7-2018-q2-update.win32_2.1.200.202402032213/tools/bin/../lib/gcc/arm-none-eabi/7.3.1/../../../../arm-none-eabi/lib/thumb/v7-m\libc_nano.a(lib_a-localeconv.o)
                0x0000000008005f44                __localeconv_l
 .text._localeconv_r
                0x0000000008005f48       0x1c C:/ST/STM32CubeIDE_1.14.1/STM32CubeIDE/plugins/com.st.stm32cube.ide.mcu.externaltools.gnu-tools-for-stm32.7-2018-q2-update.win32_2.1.200.202402032213/tools/bin/../lib/gcc/arm-none-eabi/7.3.1/../../../../arm-none-eabi/lib/thumb/v7-m\libc_nano.a(lib_a-localeconv.o)
                0x0000000008005f48                _localeconv_r
 .text.malloc   0x0000000008005f64       0x10 C:/ST/STM32CubeIDE_1.14.1/STM32CubeIDE/plugins/com.st.stm32cube.ide.mcu.externaltools.gnu-tools-for-stm32.7-2018-q2-update.win32_2.1.200.202402032213/tools/bin/../lib/gcc/arm-none-eabi/7.3.1/../../../../arm-none-eabi/lib/thumb/v7-m\libc_nano.a(lib_a-malloc.o)
                0x0000000008005f64                malloc
 .text.__ascii_mbtowc
                0x0000000008005f74       0x24 C:/ST/STM32CubeIDE_1.14.1/STM32CubeIDE/plugins/com.st.stm32cube.ide.mcu.externaltools.gnu-tools-for-stm32.7-2018-q2-update.win32_2.1.200.202402032213/tools/bin/../lib/gcc/arm-none-eabi/7.3.1/../../../../arm-none-eabi/lib/thumb/v7-m\libc_nano.a(lib_a-mbtowc_r.o)
                0x0000000008005f74                __ascii_mbtowc
 .text.memchr   0x0000000008005f98       0x1c C:/ST/STM32CubeIDE_1.14.1/STM32CubeIDE/plugins/com.st.stm32cube.ide.mcu.externaltools.gnu-tools-for-stm32.7-2018-q2-update.win32_2.1.200.202402032213/tools/bin/../lib/gcc/arm-none-eabi/7.3.1/../../../../arm-none-eabi/lib/thumb/v7-m\libc_nano.a(lib_a-memchr-stub.o)
                0x0000000008005f98                memchr
 .text.memcpy   0x0000000008005fb4       0x16 C:/ST/STM32CubeIDE_1.14.1/STM32CubeIDE/plugins/com.st.stm32cube.ide.mcu.externaltools.gnu-tools-for-stm32.7-2018-q2-update.win32_2.1.200.202402032213/tools/bin/../lib/gcc/arm-none-eabi/7.3.1/../../../../arm-none-eabi/lib/thumb/v7-m\libc_nano.a(lib_a-memcpy-stub.o)
                0x0000000008005fb4                memcpy
 .text._Balloc  0x0000000008005fca       0x68 C:/ST/STM32CubeIDE_1.14.1/STM32CubeIDE/plugins/com.st.stm32cube.ide.mcu.externaltools.gnu-tools-for-stm32.7-2018-q2-update.win32_2.1.200.202402032213/tools/bin/../lib/gcc/arm-none-eabi/7.3.1/../../../../arm-none-eabi/lib/thumb/v7-m\libc_nano.a(lib_a-mprec.o)
                0x0000000008005fca                _Balloc
 .text._Bfree   0x0000000008006032       0x2e C:/ST/STM32CubeIDE_1.14.1/STM32CubeIDE/plugins/com.st.stm32cube.ide.mcu.externaltools.gnu-tools-for-stm32.7-2018-q2-update.win32_2.1.200.202402032213/tools/bin/../lib/gcc/arm-none-eabi/7.3.1/../../../../arm-none-eabi/lib/thumb/v7-m\libc_nano.a(lib_a-mprec.o)
                0x0000000008006032                _Bfree
 .text.__multadd
                0x0000000008006060       0x76 C:/ST/STM32CubeIDE_1.14.1/STM32CubeIDE/plugins/com.st.stm32cube.ide.mcu.externaltools.gnu-tools-for-stm32.7-2018-q2-update.win32_2.1.200.202402032213/tools/bin/../lib/gcc/arm-none-eabi/7.3.1/../../../../arm-none-eabi/lib/thumb/v7-m\libc_nano.a(lib_a-mprec.o)
                0x0000000008006060                __multadd
 .text.__s2b    0x00000000080060d6       0x7c C:/ST/STM32CubeIDE_1.14.1/STM32CubeIDE/plugins/com.st.stm32cube.ide.mcu.externaltools.gnu-tools-for-stm32.7-2018-q2-update.win32_2.1.200.202402032213/tools/bin/../lib/gcc/arm-none-eabi/7.3.1/../../../../arm-none-eabi/lib/thumb/v7-m\libc_nano.a(lib_a-mprec.o)
                0x00000000080060d6                __s2b
 .text.__hi0bits
                0x0000000008006152       0x3e C:/ST/STM32CubeIDE_1.14.1/STM32CubeIDE/plugins/com.st.stm32cube.ide.mcu.externaltools.gnu-tools-for-stm32.7-2018-q2-update.win32_2.1.200.202402032213/tools/bin/../lib/gcc/arm-none-eabi/7.3.1/../../../../arm-none-eabi/lib/thumb/v7-m\libc_nano.a(lib_a-mprec.o)
                0x0000000008006152                __hi0bits
 .text.__lo0bits
                0x0000000008006190       0x5e C:/ST/STM32CubeIDE_1.14.1/STM32CubeIDE/plugins/com.st.stm32cube.ide.mcu.externaltools.gnu-tools-for-stm32.7-2018-q2-update.win32_2.1.200.202402032213/tools/bin/../lib/gcc/arm-none-eabi/7.3.1/../../../../arm-none-eabi/lib/thumb/v7-m\libc_nano.a(lib_a-mprec.o)
                0x0000000008006190                __lo0bits
 .text.__i2b    0x00000000080061ee       0x12 C:/ST/STM32CubeIDE_1.14.1/STM32CubeIDE/plugins/com.st.stm32cube.ide.mcu.externaltools.gnu-tools-for-stm32.7-2018-q2-update.win32_2.1.200.202402032213/tools/bin/../lib/gcc/arm-none-eabi/7.3.1/../../../../arm-none-eabi/lib/thumb/v7-m\libc_nano.a(lib_a-mprec.o)
                0x00000000080061ee                __i2b
 .text.__multiply
                0x0000000008006200      0x12a C:/ST/STM32CubeIDE_1.14.1/STM32CubeIDE/plugins/com.st.stm32cube.ide.mcu.externaltools.gnu-tools-for-stm32.7-2018-q2-update.win32_2.1.200.202402032213/tools/bin/../lib/gcc/arm-none-eabi/7.3.1/../../../../arm-none-eabi/lib/thumb/v7-m\libc_nano.a(lib_a-mprec.o)
                0x0000000008006200                __multiply
 *fill*         0x000000000800632a        0x2 
 .text.__pow5mult
                0x000000000800632c       0x9c C:/ST/STM32CubeIDE_1.14.1/STM32CubeIDE/plugins/com.st.stm32cube.ide.mcu.externaltools.gnu-tools-for-stm32.7-2018-q2-update.win32_2.1.200.202402032213/tools/bin/../lib/gcc/arm-none-eabi/7.3.1/../../../../arm-none-eabi/lib/thumb/v7-m\libc_nano.a(lib_a-mprec.o)
                0x000000000800632c                __pow5mult
 .text.__lshift
                0x00000000080063c8       0xa8 C:/ST/STM32CubeIDE_1.14.1/STM32CubeIDE/plugins/com.st.stm32cube.ide.mcu.externaltools.gnu-tools-for-stm32.7-2018-q2-update.win32_2.1.200.202402032213/tools/bin/../lib/gcc/arm-none-eabi/7.3.1/../../../../arm-none-eabi/lib/thumb/v7-m\libc_nano.a(lib_a-mprec.o)
                0x00000000080063c8                __lshift
 .text.__mcmp   0x0000000008006470       0x34 C:/ST/STM32CubeIDE_1.14.1/STM32CubeIDE/plugins/com.st.stm32cube.ide.mcu.externaltools.gnu-tools-for-stm32.7-2018-q2-update.win32_2.1.200.202402032213/tools/bin/../lib/gcc/arm-none-eabi/7.3.1/../../../../arm-none-eabi/lib/thumb/v7-m\libc_nano.a(lib_a-mprec.o)
                0x0000000008006470                __mcmp
 .text.__mdiff  0x00000000080064a4       0xbc C:/ST/STM32CubeIDE_1.14.1/STM32CubeIDE/plugins/com.st.stm32cube.ide.mcu.externaltools.gnu-tools-for-stm32.7-2018-q2-update.win32_2.1.200.202402032213/tools/bin/../lib/gcc/arm-none-eabi/7.3.1/../../../../arm-none-eabi/lib/thumb/v7-m\libc_nano.a(lib_a-mprec.o)
                0x00000000080064a4                __mdiff
 .text.__ulp    0x0000000008006560       0x48 C:/ST/STM32CubeIDE_1.14.1/STM32CubeIDE/plugins/com.st.stm32cube.ide.mcu.externaltools.gnu-tools-for-stm32.7-2018-q2-update.win32_2.1.200.202402032213/tools/bin/../lib/gcc/arm-none-eabi/7.3.1/../../../../arm-none-eabi/lib/thumb/v7-m\libc_nano.a(lib_a-mprec.o)
                0x0000000008006560                __ulp
 .text.__b2d    0x00000000080065a8       0xa4 C:/ST/STM32CubeIDE_1.14.1/STM32CubeIDE/plugins/com.st.stm32cube.ide.mcu.externaltools.gnu-tools-for-stm32.7-2018-q2-update.win32_2.1.200.202402032213/tools/bin/../lib/gcc/arm-none-eabi/7.3.1/../../../../arm-none-eabi/lib/thumb/v7-m\libc_nano.a(lib_a-mprec.o)
                0x00000000080065a8                __b2d
 .text.__d2b    0x000000000800664c       0x9e C:/ST/STM32CubeIDE_1.14.1/STM32CubeIDE/plugins/com.st.stm32cube.ide.mcu.externaltools.gnu-tools-for-stm32.7-2018-q2-update.win32_2.1.200.202402032213/tools/bin/../lib/gcc/arm-none-eabi/7.3.1/../../../../arm-none-eabi/lib/thumb/v7-m\libc_nano.a(lib_a-mprec.o)
                0x000000000800664c                __d2b
 .text.__ratio  0x00000000080066ea       0x5c C:/ST/STM32CubeIDE_1.14.1/STM32CubeIDE/plugins/com.st.stm32cube.ide.mcu.externaltools.gnu-tools-for-stm32.7-2018-q2-update.win32_2.1.200.202402032213/tools/bin/../lib/gcc/arm-none-eabi/7.3.1/../../../../arm-none-eabi/lib/thumb/v7-m\libc_nano.a(lib_a-mprec.o)
                0x00000000080066ea                __ratio
 .text.__copybits
                0x0000000008006746       0x34 C:/ST/STM32CubeIDE_1.14.1/STM32CubeIDE/plugins/com.st.stm32cube.ide.mcu.externaltools.gnu-tools-for-stm32.7-2018-q2-update.win32_2.1.200.202402032213/tools/bin/../lib/gcc/arm-none-eabi/7.3.1/../../../../arm-none-eabi/lib/thumb/v7-m\libc_nano.a(lib_a-mprec.o)
                0x0000000008006746                __copybits
 .text.__any_on
                0x000000000800677a       0x42 C:/ST/STM32CubeIDE_1.14.1/STM32CubeIDE/plugins/com.st.stm32cube.ide.mcu.externaltools.gnu-tools-for-stm32.7-2018-q2-update.win32_2.1.200.202402032213/tools/bin/../lib/gcc/arm-none-eabi/7.3.1/../../../../arm-none-eabi/lib/thumb/v7-m\libc_nano.a(lib_a-mprec.o)
                0x000000000800677a                __any_on
 .text._calloc_r
                0x00000000080067bc       0x1c C:/ST/STM32CubeIDE_1.14.1/STM32CubeIDE/plugins/com.st.stm32cube.ide.mcu.externaltools.gnu-tools-for-stm32.7-2018-q2-update.win32_2.1.200.202402032213/tools/bin/../lib/gcc/arm-none-eabi/7.3.1/../../../../arm-none-eabi/lib/thumb/v7-m\libc_nano.a(lib_a-nano-callocr.o)
                0x00000000080067bc                _calloc_r
 .text._free_r  0x00000000080067d8       0x98 C:/ST/STM32CubeIDE_1.14.1/STM32CubeIDE/plugins/com.st.stm32cube.ide.mcu.externaltools.gnu-tools-for-stm32.7-2018-q2-update.win32_2.1.200.202402032213/tools/bin/../lib/gcc/arm-none-eabi/7.3.1/../../../../arm-none-eabi/lib/thumb/v7-m\libc_nano.a(lib_a-nano-freer.o)
                0x00000000080067d8                _free_r
 .text._malloc_r
                0x0000000008006870       0xb4 C:/ST/STM32CubeIDE_1.14.1/STM32CubeIDE/plugins/com.st.stm32cube.ide.mcu.externaltools.gnu-tools-for-stm32.7-2018-q2-update.win32_2.1.200.202402032213/tools/bin/../lib/gcc/arm-none-eabi/7.3.1/../../../../arm-none-eabi/lib/thumb/v7-m\libc_nano.a(lib_a-nano-mallocr.o)
                0x0000000008006870                _malloc_r
 .text.__ssputs_r
                0x0000000008006924       0xb4 C:/ST/STM32CubeIDE_1.14.1/STM32CubeIDE/plugins/com.st.stm32cube.ide.mcu.externaltools.gnu-tools-for-stm32.7-2018-q2-update.win32_2.1.200.202402032213/tools/bin/../lib/gcc/arm-none-eabi/7.3.1/../../../../arm-none-eabi/lib/thumb/v7-m\libc_nano.a(lib_a-nano-svfprintf.o)
                0x0000000008006924                __ssputs_r
 .text._svfprintf_r
                0x00000000080069d8      0x1f0 C:/ST/STM32CubeIDE_1.14.1/STM32CubeIDE/plugins/com.st.stm32cube.ide.mcu.externaltools.gnu-tools-for-stm32.7-2018-q2-update.win32_2.1.200.202402032213/tools/bin/../lib/gcc/arm-none-eabi/7.3.1/../../../../arm-none-eabi/lib/thumb/v7-m\libc_nano.a(lib_a-nano-svfprintf.o)
                0x00000000080069d8                _svfiprintf_r
                0x00000000080069d8                _svfprintf_r
 .text._sungetc_r
                0x0000000008006bc8       0x7a C:/ST/STM32CubeIDE_1.14.1/STM32CubeIDE/plugins/com.st.stm32cube.ide.mcu.externaltools.gnu-tools-for-stm32.7-2018-q2-update.win32_2.1.200.202402032213/tools/bin/../lib/gcc/arm-none-eabi/7.3.1/../../../../arm-none-eabi/lib/thumb/v7-m\libc_nano.a(lib_a-nano-svfscanf.o)
                0x0000000008006bc8                _sungetc_r
 .text.__ssrefill_r
                0x0000000008006c42       0x3a C:/ST/STM32CubeIDE_1.14.1/STM32CubeIDE/plugins/com.st.stm32cube.ide.mcu.externaltools.gnu-tools-for-stm32.7-2018-q2-update.win32_2.1.200.202402032213/tools/bin/../lib/gcc/arm-none-eabi/7.3.1/../../../../arm-none-eabi/lib/thumb/v7-m\libc_nano.a(lib_a-nano-svfscanf.o)
                0x0000000008006c42                __ssrefill_r
 .text.__ssvfscanf_r
                0x0000000008006c7c      0x2a0 C:/ST/STM32CubeIDE_1.14.1/STM32CubeIDE/plugins/com.st.stm32cube.ide.mcu.externaltools.gnu-tools-for-stm32.7-2018-q2-update.win32_2.1.200.202402032213/tools/bin/../lib/gcc/arm-none-eabi/7.3.1/../../../../arm-none-eabi/lib/thumb/v7-m\libc_nano.a(lib_a-nano-svfscanf.o)
                0x0000000008006c7c                __ssvfiscanf_r
                0x0000000008006c7c                __ssvfscanf_r
 .text._scanf_chars
                0x0000000008006f1c       0xc4 C:/ST/STM32CubeIDE_1.14.1/STM32CubeIDE/plugins/com.st.stm32cube.ide.mcu.externaltools.gnu-tools-for-stm32.7-2018-q2-update.win32_2.1.200.202402032213/tools/bin/../lib/gcc/arm-none-eabi/7.3.1/../../../../arm-none-eabi/lib/thumb/v7-m\libc_nano.a(lib_a-nano-vfscanf_i.o)
                0x0000000008006f1c                _scanf_chars
 .text._scanf_i
                0x0000000008006fe0      0x1ec C:/ST/STM32CubeIDE_1.14.1/STM32CubeIDE/plugins/com.st.stm32cube.ide.mcu.externaltools.gnu-tools-for-stm32.7-2018-q2-update.win32_2.1.200.202402032213/tools/bin/../lib/gcc/arm-none-eabi/7.3.1/../../../../arm-none-eabi/lib/thumb/v7-m\libc_nano.a(lib_a-nano-vfscanf_i.o)
                0x0000000008006fe0                _scanf_i
 .text._sbrk_r  0x00000000080071cc       0x20 C:/ST/STM32CubeIDE_1.14.1/STM32CubeIDE/plugins/com.st.stm32cube.ide.mcu.externaltools.gnu-tools-for-stm32.7-2018-q2-update.win32_2.1.200.202402032213/tools/bin/../lib/gcc/arm-none-eabi/7.3.1/../../../../arm-none-eabi/lib/thumb/v7-m\libc_nano.a(lib_a-sbrkr.o)
                0x00000000080071cc                _sbrk_r
 .text.__sccl   0x00000000080071ec       0x62 C:/ST/STM32CubeIDE_1.14.1/STM32CubeIDE/plugins/com.st.stm32cube.ide.mcu.externaltools.gnu-tools-for-stm32.7-2018-q2-update.win32_2.1.200.202402032213/tools/bin/../lib/gcc/arm-none-eabi/7.3.1/../../../../arm-none-eabi/lib/thumb/v7-m\libc_nano.a(lib_a-sccl.o)
                0x00000000080071ec                __sccl
 .text.strncmp  0x000000000800724e       0x24 C:/ST/STM32CubeIDE_1.14.1/STM32CubeIDE/plugins/com.st.stm32cube.ide.mcu.externaltools.gnu-tools-for-stm32.7-2018-q2-update.win32_2.1.200.202402032213/tools/bin/../lib/gcc/arm-none-eabi/7.3.1/../../../../arm-none-eabi/lib/thumb/v7-m\libc_nano.a(lib_a-strncmp.o)
                0x000000000800724e                strncmp
 .text._strtoul_l.isra.0
                0x0000000008007272       0xf4 C:/ST/STM32CubeIDE_1.14.1/STM32CubeIDE/plugins/com.st.stm32cube.ide.mcu.externaltools.gnu-tools-for-stm32.7-2018-q2-update.win32_2.1.200.202402032213/tools/bin/../lib/gcc/arm-none-eabi/7.3.1/../../../../arm-none-eabi/lib/thumb/v7-m\libc_nano.a(lib_a-strtoul.o)
 *fill*         0x0000000008007366        0x2 
 .text._strtoul_r
                0x0000000008007368       0x24 C:/ST/STM32CubeIDE_1.14.1/STM32CubeIDE/plugins/com.st.stm32cube.ide.mcu.externaltools.gnu-tools-for-stm32.7-2018-q2-update.win32_2.1.200.202402032213/tools/bin/../lib/gcc/arm-none-eabi/7.3.1/../../../../arm-none-eabi/lib/thumb/v7-m\libc_nano.a(lib_a-strtoul.o)
                0x0000000008007368                _strtoul_r
 .text.__submore
                0x000000000800738c       0x70 C:/ST/STM32CubeIDE_1.14.1/STM32CubeIDE/plugins/com.st.stm32cube.ide.mcu.externaltools.gnu-tools-for-stm32.7-2018-q2-update.win32_2.1.200.202402032213/tools/bin/../lib/gcc/arm-none-eabi/7.3.1/../../../../arm-none-eabi/lib/thumb/v7-m\libc_nano.a(lib_a-ungetc.o)
                0x000000000800738c                __submore
 .text.__ascii_wctomb
                0x00000000080073fc       0x1a C:/ST/STM32CubeIDE_1.14.1/STM32CubeIDE/plugins/com.st.stm32cube.ide.mcu.externaltools.gnu-tools-for-stm32.7-2018-q2-update.win32_2.1.200.202402032213/tools/bin/../lib/gcc/arm-none-eabi/7.3.1/../../../../arm-none-eabi/lib/thumb/v7-m\libc_nano.a(lib_a-wctomb_r.o)
                0x00000000080073fc                __ascii_wctomb
 .text.__retarget_lock_acquire_recursive
                0x0000000008007416        0x2 C:/ST/STM32CubeIDE_1.14.1/STM32CubeIDE/plugins/com.st.stm32cube.ide.mcu.externaltools.gnu-tools-for-stm32.7-2018-q2-update.win32_2.1.200.202402032213/tools/bin/../lib/gcc/arm-none-eabi/7.3.1/../../../../arm-none-eabi/lib/thumb/v7-m\libc_nano.a(lib_a-lock.o)
                0x0000000008007416                __retarget_lock_acquire_recursive
 .text.__retarget_lock_release_recursive
                0x0000000008007418        0x2 C:/ST/STM32CubeIDE_1.14.1/STM32CubeIDE/plugins/com.st.stm32cube.ide.mcu.externaltools.gnu-tools-for-stm32.7-2018-q2-update.win32_2.1.200.202402032213/tools/bin/../lib/gcc/arm-none-eabi/7.3.1/../../../../arm-none-eabi/lib/thumb/v7-m\libc_nano.a(lib_a-lock.o)
                0x0000000008007418                __retarget_lock_release_recursive
 .text.memmove  0x000000000800741a       0x32 C:/ST/STM32CubeIDE_1.14.1/STM32CubeIDE/plugins/com.st.stm32cube.ide.mcu.externaltools.gnu-tools-for-stm32.7-2018-q2-update.win32_2.1.200.202402032213/tools/bin/../lib/gcc/arm-none-eabi/7.3.1/../../../../arm-none-eabi/lib/thumb/v7-m\libc_nano.a(lib_a-memmove.o)
                0x000000000800741a                memmove
 .text.__malloc_lock
                0x000000000800744c        0xc C:/ST/STM32CubeIDE_1.14.1/STM32CubeIDE/plugins/com.st.stm32cube.ide.mcu.externaltools.gnu-tools-for-stm32.7-2018-q2-update.win32_2.1.200.202402032213/tools/bin/../lib/gcc/arm-none-eabi/7.3.1/../../../../arm-none-eabi/lib/thumb/v7-m\libc_nano.a(lib_a-mlock.o)
                0x000000000800744c                __malloc_lock
 .text.__malloc_unlock
                0x0000000008007458        0xc C:/ST/STM32CubeIDE_1.14.1/STM32CubeIDE/plugins/com.st.stm32cube.ide.mcu.externaltools.gnu-tools-for-stm32.7-2018-q2-update.win32_2.1.200.202402032213/tools/bin/../lib/gcc/arm-none-eabi/7.3.1/../../../../arm-none-eabi/lib/thumb/v7-m\libc_nano.a(lib_a-mlock.o)
                0x0000000008007458                __malloc_unlock
 .text._realloc_r
                0x0000000008007464       0x4c C:/ST/STM32CubeIDE_1.14.1/STM32CubeIDE/plugins/com.st.stm32cube.ide.mcu.externaltools.gnu-tools-for-stm32.7-2018-q2-update.win32_2.1.200.202402032213/tools/bin/../lib/gcc/arm-none-eabi/7.3.1/../../../../arm-none-eabi/lib/thumb/v7-m\libc_nano.a(lib_a-nano-reallocr.o)
                0x0000000008007464                _realloc_r
 .text._malloc_usable_size_r
                0x00000000080074b0       0x10 C:/ST/STM32CubeIDE_1.14.1/STM32CubeIDE/plugins/com.st.stm32cube.ide.mcu.externaltools.gnu-tools-for-stm32.7-2018-q2-update.win32_2.1.200.202402032213/tools/bin/../lib/gcc/arm-none-eabi/7.3.1/../../../../arm-none-eabi/lib/thumb/v7-m\libc_nano.a(lib_a-nano-msizer.o)
                0x00000000080074b0                _malloc_usable_size_r
 *(.glue_7)
 .glue_7        0x00000000080074c0        0x0 linker stubs
 *(.glue_7t)
 .glue_7t       0x00000000080074c0        0x0 linker stubs
 *(.eh_frame)
 .eh_frame      0x00000000080074c0        0x0 C:/ST/STM32CubeIDE_1.14.1/STM32CubeIDE/plugins/com.st.stm32cube.ide.mcu.externaltools.gnu-tools-for-stm32.7-2018-q2-update.win32_2.1.200.202402032213/tools/bin/../lib/gcc/arm-none-eabi/7.3.1/thumb/v7-m/crtbegin.o
 *(.init)
 .init          0x00000000080074c0        0x4 C:/ST/STM32CubeIDE_1.14.1/STM32CubeIDE/plugins/com.st.stm32cube.ide.mcu.externaltools.gnu-tools-for-stm32.7-2018-q2-update.win32_2.1.200.202402032213/tools/bin/../lib/gcc/arm-none-eabi/7.3.1/thumb/v7-m/crti.o
                0x00000000080074c0                _init
 .init          0x00000000080074c4        0x8 C:/ST/STM32CubeIDE_1.14.1/STM32CubeIDE/plugins/com.st.stm32cube.ide.mcu.externaltools.gnu-tools-for-stm32.7-2018-q2-update.win32_2.1.200.202402032213/tools/bin/../lib/gcc/arm-none-eabi/7.3.1/thumb/v7-m/crtn.o
 *(.fini)
 .fini          0x00000000080074cc        0x4 C:/ST/STM32CubeIDE_1.14.1/STM32CubeIDE/plugins/com.st.stm32cube.ide.mcu.externaltools.gnu-tools-for-stm32.7-2018-q2-update.win32_2.1.200.202402032213/tools/bin/../lib/gcc/arm-none-eabi/7.3.1/thumb/v7-m/crti.o
                0x00000000080074cc                _fini
 .fini          0x00000000080074d0        0x8 C:/ST/STM32CubeIDE_1.14.1/STM32CubeIDE/plugins/com.st.stm32cube.ide.mcu.externaltools.gnu-tools-for-stm32.7-2018-q2-update.win32_2.1.200.202402032213/tools/bin/../lib/gcc/arm-none-eabi/7.3.1/thumb/v7-m/crtn.o
                0x00000000080074d8                . = ALIGN (0x4)
                0x00000000080074d8                _etext = .

.vfp11_veneer   0x00000000080074d8        0x0
 .vfp11_veneer  0x00000000080074d8        0x0 linker stubs

.v4_bx          0x00000000080074d8        0x0
 .v4_bx         0x00000000080074d8        0x0 linker stubs

.iplt           0x00000000080074d8        0x0
 .iplt          0x00000000080074d8        0x0 C:/ST/STM32CubeIDE_1.14.1/STM32CubeIDE/plugins/com.st.stm32cube.ide.mcu.externaltools.gnu-tools-for-stm32.7-2018-q2-update.win32_2.1.200.202402032213/tools/bin/../lib/gcc/arm-none-eabi/7.3.1/thumb/v7-m/crtbegin.o

.rodata         0x00000000080074d8     0x2f84
                0x00000000080074d8                . = ALIGN (0x4)
 *(.rodata)
 .rodata        0x00000000080074d8     0x2b3a ./src/main.o
 *fill*         0x000000000800a012        0x2 
 .rodata        0x000000000800a014       0xac ./src/usb.o
                0x000000000800a014                always0
                0x000000000800a018                ConfigDescriptor
                0x000000000800a05c                DeviceDescriptor
                0x000000000800a070                ProductStringDescriptor
                0x000000000800a090                StringSerial
                0x000000000800a0ac                StringLang
                0x000000000800a0b0                VendorStringDescriptor
 .rodata        0x000000000800a0c0        0xc C:/ST/STM32CubeIDE_1.14.1/STM32CubeIDE/plugins/com.st.stm32cube.ide.mcu.externaltools.gnu-tools-for-stm32.7-2018-q2-update.win32_2.1.200.202402032213/tools/bin/../lib/gcc/arm-none-eabi/7.3.1/../../../../arm-none-eabi/lib/thumb/v7-m\libc_nano.a(lib_a-nano-vfscanf_i.o)
 *(.rodata*)
 .rodata.str1.4
                0x000000000800a0cc       0x64 ./src/main.o
                                         0x61 (size before relaxing)
 .rodata._printf_float.str1.1
                0x000000000800a130       0x10 C:/ST/STM32CubeIDE_1.14.1/STM32CubeIDE/plugins/com.st.stm32cube.ide.mcu.externaltools.gnu-tools-for-stm32.7-2018-q2-update.win32_2.1.200.202402032213/tools/bin/../lib/gcc/arm-none-eabi/7.3.1/../../../../arm-none-eabi/lib/thumb/v7-m\libc_nano.a(lib_a-nano-vfprintf_float.o)
                                         0x12 (size before relaxing)
 .rodata._printf_i.str1.1
                0x000000000800a140       0x22 C:/ST/STM32CubeIDE_1.14.1/STM32CubeIDE/plugins/com.st.stm32cube.ide.mcu.externaltools.gnu-tools-for-stm32.7-2018-q2-update.win32_2.1.200.202402032213/tools/bin/../lib/gcc/arm-none-eabi/7.3.1/../../../../arm-none-eabi/lib/thumb/v7-m\libc_nano.a(lib_a-nano-vfprintf_i.o)
 .rodata._scanf_float.str1.1
                0x000000000800a162        0x5 C:/ST/STM32CubeIDE_1.14.1/STM32CubeIDE/plugins/com.st.stm32cube.ide.mcu.externaltools.gnu-tools-for-stm32.7-2018-q2-update.win32_2.1.200.202402032213/tools/bin/../lib/gcc/arm-none-eabi/7.3.1/../../../../arm-none-eabi/lib/thumb/v7-m\libc_nano.a(lib_a-nano-vfscanf_float.o)
 .rodata._strtod_l.str1.1
                0x000000000800a167        0x5 C:/ST/STM32CubeIDE_1.14.1/STM32CubeIDE/plugins/com.st.stm32cube.ide.mcu.externaltools.gnu-tools-for-stm32.7-2018-q2-update.win32_2.1.200.202402032213/tools/bin/../lib/gcc/arm-none-eabi/7.3.1/../../../../arm-none-eabi/lib/thumb/v7-m\libc_nano.a(lib_a-strtod.o)
                                          0xc (size before relaxing)
 *fill*         0x000000000800a167        0x1 
 .rodata.fpi.6180
                0x000000000800a168       0x14 C:/ST/STM32CubeIDE_1.14.1/STM32CubeIDE/plugins/com.st.stm32cube.ide.mcu.externaltools.gnu-tools-for-stm32.7-2018-q2-update.win32_2.1.200.202402032213/tools/bin/../lib/gcc/arm-none-eabi/7.3.1/../../../../arm-none-eabi/lib/thumb/v7-m\libc_nano.a(lib_a-strtod.o)
 .rodata.fpinan.6216
                0x000000000800a17c       0x14 C:/ST/STM32CubeIDE_1.14.1/STM32CubeIDE/plugins/com.st.stm32cube.ide.mcu.externaltools.gnu-tools-for-stm32.7-2018-q2-update.win32_2.1.200.202402032213/tools/bin/../lib/gcc/arm-none-eabi/7.3.1/../../../../arm-none-eabi/lib/thumb/v7-m\libc_nano.a(lib_a-strtod.o)
 .rodata.tinytens
                0x000000000800a190       0x28 C:/ST/STM32CubeIDE_1.14.1/STM32CubeIDE/plugins/com.st.stm32cube.ide.mcu.externaltools.gnu-tools-for-stm32.7-2018-q2-update.win32_2.1.200.202402032213/tools/bin/../lib/gcc/arm-none-eabi/7.3.1/../../../../arm-none-eabi/lib/thumb/v7-m\libc_nano.a(lib_a-strtod.o)
 .rodata._dtoa_r.str1.1
                0x000000000800a1b8        0xd C:/ST/STM32CubeIDE_1.14.1/STM32CubeIDE/plugins/com.st.stm32cube.ide.mcu.externaltools.gnu-tools-for-stm32.7-2018-q2-update.win32_2.1.200.202402032213/tools/bin/../lib/gcc/arm-none-eabi/7.3.1/../../../../arm-none-eabi/lib/thumb/v7-m\libc_nano.a(lib_a-dtoa.o)
                                          0xf (size before relaxing)
 .rodata._setlocale_r.str1.1
                0x000000000800a1c5        0x8 C:/ST/STM32CubeIDE_1.14.1/STM32CubeIDE/plugins/com.st.stm32cube.ide.mcu.externaltools.gnu-tools-for-stm32.7-2018-q2-update.win32_2.1.200.202402032213/tools/bin/../lib/gcc/arm-none-eabi/7.3.1/../../../../arm-none-eabi/lib/thumb/v7-m\libc_nano.a(lib_a-locale.o)
                                          0x9 (size before relaxing)
 .rodata.str1.1
                0x000000000800a1cd        0x2 C:/ST/STM32CubeIDE_1.14.1/STM32CubeIDE/plugins/com.st.stm32cube.ide.mcu.externaltools.gnu-tools-for-stm32.7-2018-q2-update.win32_2.1.200.202402032213/tools/bin/../lib/gcc/arm-none-eabi/7.3.1/../../../../arm-none-eabi/lib/thumb/v7-m\libc_nano.a(lib_a-locale.o)
 *fill*         0x000000000800a1cf        0x1 
 .rodata.__mprec_bigtens
                0x000000000800a1d0       0x28 C:/ST/STM32CubeIDE_1.14.1/STM32CubeIDE/plugins/com.st.stm32cube.ide.mcu.externaltools.gnu-tools-for-stm32.7-2018-q2-update.win32_2.1.200.202402032213/tools/bin/../lib/gcc/arm-none-eabi/7.3.1/../../../../arm-none-eabi/lib/thumb/v7-m\libc_nano.a(lib_a-mprec.o)
                0x000000000800a1d0                __mprec_bigtens
 .rodata.__mprec_tens
                0x000000000800a1f8       0xc8 C:/ST/STM32CubeIDE_1.14.1/STM32CubeIDE/plugins/com.st.stm32cube.ide.mcu.externaltools.gnu-tools-for-stm32.7-2018-q2-update.win32_2.1.200.202402032213/tools/bin/../lib/gcc/arm-none-eabi/7.3.1/../../../../arm-none-eabi/lib/thumb/v7-m\libc_nano.a(lib_a-mprec.o)
                0x000000000800a1f8                __mprec_tens
 .rodata.p05.6104
                0x000000000800a2c0        0xc C:/ST/STM32CubeIDE_1.14.1/STM32CubeIDE/plugins/com.st.stm32cube.ide.mcu.externaltools.gnu-tools-for-stm32.7-2018-q2-update.win32_2.1.200.202402032213/tools/bin/../lib/gcc/arm-none-eabi/7.3.1/../../../../arm-none-eabi/lib/thumb/v7-m\libc_nano.a(lib_a-mprec.o)
 .rodata._svfprintf_r.str1.1
                0x000000000800a2cc       0x11 C:/ST/STM32CubeIDE_1.14.1/STM32CubeIDE/plugins/com.st.stm32cube.ide.mcu.externaltools.gnu-tools-for-stm32.7-2018-q2-update.win32_2.1.200.202402032213/tools/bin/../lib/gcc/arm-none-eabi/7.3.1/../../../../arm-none-eabi/lib/thumb/v7-m\libc_nano.a(lib_a-nano-svfprintf.o)
 .rodata.__ssvfscanf_r.str1.1
                0x000000000800a2dd        0x4 C:/ST/STM32CubeIDE_1.14.1/STM32CubeIDE/plugins/com.st.stm32cube.ide.mcu.externaltools.gnu-tools-for-stm32.7-2018-q2-update.win32_2.1.200.202402032213/tools/bin/../lib/gcc/arm-none-eabi/7.3.1/../../../../arm-none-eabi/lib/thumb/v7-m\libc_nano.a(lib_a-nano-svfscanf.o)
 .rodata._scanf_i.str1.1
                0x000000000800a2dd       0x12 C:/ST/STM32CubeIDE_1.14.1/STM32CubeIDE/plugins/com.st.stm32cube.ide.mcu.externaltools.gnu-tools-for-stm32.7-2018-q2-update.win32_2.1.200.202402032213/tools/bin/../lib/gcc/arm-none-eabi/7.3.1/../../../../arm-none-eabi/lib/thumb/v7-m\libc_nano.a(lib_a-nano-vfscanf_i.o)
 .rodata.str1.1
                0x000000000800a2ef        0x9 C:/ST/STM32CubeIDE_1.14.1/STM32CubeIDE/plugins/com.st.stm32cube.ide.mcu.externaltools.gnu-tools-for-stm32.7-2018-q2-update.win32_2.1.200.202402032213/tools/bin/../lib/gcc/arm-none-eabi/7.3.1/../../../../arm-none-eabi/lib/thumb/v7-m\libc_nano.a(lib_a-nano-vfscanf_i.o)
 .rodata._ctype_
                0x000000000800a2f8      0x101 C:/ST/STM32CubeIDE_1.14.1/STM32CubeIDE/plugins/com.st.stm32cube.ide.mcu.externaltools.gnu-tools-for-stm32.7-2018-q2-update.win32_2.1.200.202402032213/tools/bin/../lib/gcc/arm-none-eabi/7.3.1/../../../../arm-none-eabi/lib/thumb/v7-m\libc_nano.a(lib_a-ctype_.o)
                0x000000000800a2f8                _ctype_
 *fill*         0x000000000800a3f9        0x3 
 .rodata.__sf_fake_stderr
                0x000000000800a3fc       0x20 C:/ST/STM32CubeIDE_1.14.1/STM32CubeIDE/plugins/com.st.stm32cube.ide.mcu.externaltools.gnu-tools-for-stm32.7-2018-q2-update.win32_2.1.200.202402032213/tools/bin/../lib/gcc/arm-none-eabi/7.3.1/../../../../arm-none-eabi/lib/thumb/v7-m\libc_nano.a(lib_a-findfp.o)
                0x000000000800a3fc                __sf_fake_stderr
 .rodata.__sf_fake_stdin
                0x000000000800a41c       0x20 C:/ST/STM32CubeIDE_1.14.1/STM32CubeIDE/plugins/com.st.stm32cube.ide.mcu.externaltools.gnu-tools-for-stm32.7-2018-q2-update.win32_2.1.200.202402032213/tools/bin/../lib/gcc/arm-none-eabi/7.3.1/../../../../arm-none-eabi/lib/thumb/v7-m\libc_nano.a(lib_a-findfp.o)
                0x000000000800a41c                __sf_fake_stdin
 .rodata.__sf_fake_stdout
                0x000000000800a43c       0x20 C:/ST/STM32CubeIDE_1.14.1/STM32CubeIDE/plugins/com.st.stm32cube.ide.mcu.externaltools.gnu-tools-for-stm32.7-2018-q2-update.win32_2.1.200.202402032213/tools/bin/../lib/gcc/arm-none-eabi/7.3.1/../../../../arm-none-eabi/lib/thumb/v7-m\libc_nano.a(lib_a-findfp.o)
                0x000000000800a43c                __sf_fake_stdout
                0x000000000800a45c                . = ALIGN (0x4)

.rel.dyn        0x000000000800a45c        0x0
 .rel.iplt      0x000000000800a45c        0x0 C:/ST/STM32CubeIDE_1.14.1/STM32CubeIDE/plugins/com.st.stm32cube.ide.mcu.externaltools.gnu-tools-for-stm32.7-2018-q2-update.win32_2.1.200.202402032213/tools/bin/../lib/gcc/arm-none-eabi/7.3.1/thumb/v7-m/crtbegin.o

.ARM.extab      0x000000000800a45c        0x0
                0x000000000800a45c                . = ALIGN (0x4)
 *(.ARM.extab* .gnu.linkonce.armextab.*)
                0x000000000800a45c                . = ALIGN (0x4)

.ARM            0x000000000800a45c        0x0
                0x000000000800a45c                . = ALIGN (0x4)
                0x000000000800a45c                __exidx_start = .
 *(.ARM.exidx*)
                0x000000000800a45c                __exidx_end = .
                0x000000000800a45c                . = ALIGN (0x4)

.preinit_array  0x000000000800a45c        0x0
                0x000000000800a45c                . = ALIGN (0x4)
                0x000000000800a45c                PROVIDE (__preinit_array_start = .)
 *(.preinit_array*)
                0x000000000800a45c                PROVIDE (__preinit_array_end = .)
                0x000000000800a45c                . = ALIGN (0x4)

.init_array     0x000000000800a45c        0x4
                0x000000000800a45c                . = ALIGN (0x4)
                0x000000000800a45c                PROVIDE (__init_array_start = .)
 *(SORT_BY_NAME(.init_array.*))
 *(.init_array*)
 .init_array    0x000000000800a45c        0x4 C:/ST/STM32CubeIDE_1.14.1/STM32CubeIDE/plugins/com.st.stm32cube.ide.mcu.externaltools.gnu-tools-for-stm32.7-2018-q2-update.win32_2.1.200.202402032213/tools/bin/../lib/gcc/arm-none-eabi/7.3.1/thumb/v7-m/crtbegin.o
                0x000000000800a460                PROVIDE (__init_array_end = .)
                0x000000000800a460                . = ALIGN (0x4)

.fini_array     0x000000000800a460        0x4
                0x000000000800a460                . = ALIGN (0x4)
                [!provide]                        PROVIDE (__fini_array_start = .)
 *(SORT_BY_NAME(.fini_array.*))
 *(.fini_array*)
 .fini_array    0x000000000800a460        0x4 C:/ST/STM32CubeIDE_1.14.1/STM32CubeIDE/plugins/com.st.stm32cube.ide.mcu.externaltools.gnu-tools-for-stm32.7-2018-q2-update.win32_2.1.200.202402032213/tools/bin/../lib/gcc/arm-none-eabi/7.3.1/thumb/v7-m/crtbegin.o
                [!provide]                        PROVIDE (__fini_array_end = .)
                0x000000000800a464                . = ALIGN (0x4)
                0x000000000800a464                _sidata = LOADADDR (.data)

.data           0x0000000020000000      0x1d4 load address 0x000000000800a464
                0x0000000020000000                . = ALIGN (0x4)
                0x0000000020000000                _sdata = .
 *(.data)
 .data          0x0000000020000000        0x4 ./src/main.o
                0x0000000020000000                SystemCoreClock
 *(.data*)
 .data._impure_ptr
                0x0000000020000004        0x4 C:/ST/STM32CubeIDE_1.14.1/STM32CubeIDE/plugins/com.st.stm32cube.ide.mcu.externaltools.gnu-tools-for-stm32.7-2018-q2-update.win32_2.1.200.202402032213/tools/bin/../lib/gcc/arm-none-eabi/7.3.1/../../../../arm-none-eabi/lib/thumb/v7-m\libc_nano.a(lib_a-impure.o)
                0x0000000020000004                _impure_ptr
 .data.impure_data
                0x0000000020000008       0x60 C:/ST/STM32CubeIDE_1.14.1/STM32CubeIDE/plugins/com.st.stm32cube.ide.mcu.externaltools.gnu-tools-for-stm32.7-2018-q2-update.win32_2.1.200.202402032213/tools/bin/../lib/gcc/arm-none-eabi/7.3.1/../../../../arm-none-eabi/lib/thumb/v7-m\libc_nano.a(lib_a-impure.o)
 .data.__global_locale
                0x0000000020000068      0x16c C:/ST/STM32CubeIDE_1.14.1/STM32CubeIDE/plugins/com.st.stm32cube.ide.mcu.externaltools.gnu-tools-for-stm32.7-2018-q2-update.win32_2.1.200.202402032213/tools/bin/../lib/gcc/arm-none-eabi/7.3.1/../../../../arm-none-eabi/lib/thumb/v7-m\libc_nano.a(lib_a-locale.o)
                0x0000000020000068                __global_locale
                0x00000000200001d4                . = ALIGN (0x4)
                0x00000000200001d4                _edata = .

.igot.plt       0x00000000200001d4        0x0 load address 0x000000000800a638
 .igot.plt      0x00000000200001d4        0x0 C:/ST/STM32CubeIDE_1.14.1/STM32CubeIDE/plugins/com.st.stm32cube.ide.mcu.externaltools.gnu-tools-for-stm32.7-2018-q2-update.win32_2.1.200.202402032213/tools/bin/../lib/gcc/arm-none-eabi/7.3.1/thumb/v7-m/crtbegin.o
                0x00000000200001d4                . = ALIGN (0x4)

.bss            0x00000000200001d4      0x4e8 load address 0x000000000800a638
                0x00000000200001d4                _sbss = .
                0x00000000200001d4                __bss_start__ = _sbss
 *(.bss)
 .bss           0x00000000200001d4       0x1c C:/ST/STM32CubeIDE_1.14.1/STM32CubeIDE/plugins/com.st.stm32cube.ide.mcu.externaltools.gnu-tools-for-stm32.7-2018-q2-update.win32_2.1.200.202402032213/tools/bin/../lib/gcc/arm-none-eabi/7.3.1/thumb/v7-m/crtbegin.o
 .bss           0x00000000200001f0      0x168 ./src/hal-m010.o
 .bss           0x0000000020000358      0x100 ./src/main.o
                0x0000000020000358                usbTxBuf
 .bss           0x0000000020000458        0x2 ./src/timers.o
                0x0000000020000458                tim1RegUpdating
                0x0000000020000459                tim1RanOut
 *fill*         0x000000002000045a        0x2 
 .bss           0x000000002000045c       0x1c ./src/usb.o
                0x000000002000045c                receiving
                0x000000002000045d                transmitting
                0x000000002000045e                suspended
                0x000000002000045f                configurationSet
                0x0000000020000460                DeviceAddress
                0x0000000020000464                txw
                0x0000000020000468                txr
                0x000000002000046c                rxw
                0x0000000020000470                rxr
                0x0000000020000474                heartbeat
 .bss           0x0000000020000478        0x4 ./startup/sysmem.o
 *(.bss*)
 .bss.__malloc_free_list
                0x000000002000047c        0x4 C:/ST/STM32CubeIDE_1.14.1/STM32CubeIDE/plugins/com.st.stm32cube.ide.mcu.externaltools.gnu-tools-for-stm32.7-2018-q2-update.win32_2.1.200.202402032213/tools/bin/../lib/gcc/arm-none-eabi/7.3.1/../../../../arm-none-eabi/lib/thumb/v7-m\libc_nano.a(lib_a-nano-mallocr.o)
                0x000000002000047c                __malloc_free_list
 .bss.__malloc_sbrk_start
                0x0000000020000480        0x4 C:/ST/STM32CubeIDE_1.14.1/STM32CubeIDE/plugins/com.st.stm32cube.ide.mcu.externaltools.gnu-tools-for-stm32.7-2018-q2-update.win32_2.1.200.202402032213/tools/bin/../lib/gcc/arm-none-eabi/7.3.1/../../../../arm-none-eabi/lib/thumb/v7-m\libc_nano.a(lib_a-nano-mallocr.o)
                0x0000000020000480                __malloc_sbrk_start
 *(COMMON)
 COMMON         0x0000000020000484        0x4 ./src/hal-m010.o
                0x0000000020000484                systick_count
 COMMON         0x0000000020000488      0x224 ./src/usb.o
                0x0000000020000488                Dtr_Rts
                0x000000002000048c                UsbTxBuf
                0x000000002000058c                UsbRxBuf
                0x000000002000068c                LineCoding
                0x0000000020000694                CMD
 COMMON         0x00000000200006ac        0x4 C:/ST/STM32CubeIDE_1.14.1/STM32CubeIDE/plugins/com.st.stm32cube.ide.mcu.externaltools.gnu-tools-for-stm32.7-2018-q2-update.win32_2.1.200.202402032213/tools/bin/../lib/gcc/arm-none-eabi/7.3.1/../../../../arm-none-eabi/lib/thumb/v7-m\libc_nano.a(lib_a-reent.o)
                0x00000000200006ac                errno
 COMMON         0x00000000200006b0        0x9 C:/ST/STM32CubeIDE_1.14.1/STM32CubeIDE/plugins/com.st.stm32cube.ide.mcu.externaltools.gnu-tools-for-stm32.7-2018-q2-update.win32_2.1.200.202402032213/tools/bin/../lib/gcc/arm-none-eabi/7.3.1/../../../../arm-none-eabi/lib/thumb/v7-m\libc_nano.a(lib_a-lock.o)
                0x00000000200006b0                __lock___atexit_recursive_mutex
                0x00000000200006b1                __lock___arc4random_mutex
                0x00000000200006b2                __lock___env_recursive_mutex
                0x00000000200006b3                __lock___sinit_recursive_mutex
                0x00000000200006b4                __lock___malloc_recursive_mutex
                0x00000000200006b5                __lock___at_quick_exit_mutex
                0x00000000200006b6                __lock___dd_hash_mutex
                0x00000000200006b7                __lock___tz_mutex
                0x00000000200006b8                __lock___sfp_recursive_mutex
                0x00000000200006bc                . = ALIGN (0x4)
 *fill*         0x00000000200006b9        0x3 
                0x00000000200006bc                _ebss = .
                0x00000000200006bc                __bss_end__ = _ebss

._user_heap_stack
                0x00000000200006bc     0x6004 load address 0x000000000800a638
                0x00000000200006c0                . = ALIGN (0x8)
 *fill*         0x00000000200006bc        0x4 
                0x00000000200006c0                PROVIDE (end = .)
                [!provide]                        PROVIDE (_end = .)
                0x00000000200026c0                . = (. + _Min_Heap_Size)
 *fill*         0x00000000200006c0     0x2000 
                0x00000000200066c0                . = (. + _Min_Stack_Size)
 *fill*         0x00000000200026c0     0x4000 
                0x00000000200066c0                . = ALIGN (0x8)

/DISCARD/
 libc.a(*)
 libm.a(*)
 libgcc.a(*)

.ARM.attributes
                0x0000000000000000       0x29
 *(.ARM.attributes)
 .ARM.attributes
                0x0000000000000000       0x1d C:/ST/STM32CubeIDE_1.14.1/STM32CubeIDE/plugins/com.st.stm32cube.ide.mcu.externaltools.gnu-tools-for-stm32.7-2018-q2-update.win32_2.1.200.202402032213/tools/bin/../lib/gcc/arm-none-eabi/7.3.1/thumb/v7-m/crti.o
 .ARM.attributes
                0x000000000000001d       0x2d C:/ST/STM32CubeIDE_1.14.1/STM32CubeIDE/plugins/com.st.stm32cube.ide.mcu.externaltools.gnu-tools-for-stm32.7-2018-q2-update.win32_2.1.200.202402032213/tools/bin/../lib/gcc/arm-none-eabi/7.3.1/thumb/v7-m/crtbegin.o
 .ARM.attributes
                0x000000000000004a       0x33 ./src/hal-m010.o
 .ARM.attributes
                0x000000000000007d       0x33 ./src/main.o
 .ARM.attributes
                0x00000000000000b0       0x33 ./src/timers.o
 .ARM.attributes
                0x00000000000000e3       0x33 ./src/usb.o
 .ARM.attributes
                0x0000000000000116       0x21 ./startup/startup_stm32.o
 .ARM.attributes
                0x0000000000000137       0x33 ./startup/sysmem.o
 .ARM.attributes
                0x000000000000016a       0x2d C:/ST/STM32CubeIDE_1.14.1/STM32CubeIDE/plugins/com.st.stm32cube.ide.mcu.externaltools.gnu-tools-for-stm32.7-2018-q2-update.win32_2.1.200.202402032213/tools/bin/../lib/gcc/arm-none-eabi/7.3.1/../../../../arm-none-eabi/lib/thumb/v7-m\libc_nano.a(lib_a-errno.o)
 .ARM.attributes
                0x0000000000000197       0x2d C:/ST/STM32CubeIDE_1.14.1/STM32CubeIDE/plugins/com.st.stm32cube.ide.mcu.externaltools.gnu-tools-for-stm32.7-2018-q2-update.win32_2.1.200.202402032213/tools/bin/../lib/gcc/arm-none-eabi/7.3.1/../../../../arm-none-eabi/lib/thumb/v7-m\libc_nano.a(lib_a-impure.o)
 .ARM.attributes
                0x00000000000001c4       0x2d C:/ST/STM32CubeIDE_1.14.1/STM32CubeIDE/plugins/com.st.stm32cube.ide.mcu.externaltools.gnu-tools-for-stm32.7-2018-q2-update.win32_2.1.200.202402032213/tools/bin/../lib/gcc/arm-none-eabi/7.3.1/../../../../arm-none-eabi/lib/thumb/v7-m\libc_nano.a(lib_a-init.o)
 .ARM.attributes
                0x00000000000001f1       0x2d C:/ST/STM32CubeIDE_1.14.1/STM32CubeIDE/plugins/com.st.stm32cube.ide.mcu.externaltools.gnu-tools-for-stm32.7-2018-q2-update.win32_2.1.200.202402032213/tools/bin/../lib/gcc/arm-none-eabi/7.3.1/../../../../arm-none-eabi/lib/thumb/v7-m\libc_nano.a(lib_a-memset.o)
 .ARM.attributes
                0x000000000000021e       0x2d C:/ST/STM32CubeIDE_1.14.1/STM32CubeIDE/plugins/com.st.stm32cube.ide.mcu.externaltools.gnu-tools-for-stm32.7-2018-q2-update.win32_2.1.200.202402032213/tools/bin/../lib/gcc/arm-none-eabi/7.3.1/../../../../arm-none-eabi/lib/thumb/v7-m\libc_nano.a(lib_a-nano-vfprintf_float.o)
 .ARM.attributes
                0x000000000000024b       0x2d C:/ST/STM32CubeIDE_1.14.1/STM32CubeIDE/plugins/com.st.stm32cube.ide.mcu.externaltools.gnu-tools-for-stm32.7-2018-q2-update.win32_2.1.200.202402032213/tools/bin/../lib/gcc/arm-none-eabi/7.3.1/../../../../arm-none-eabi/lib/thumb/v7-m\libc_nano.a(lib_a-nano-vfprintf_i.o)
 .ARM.attributes
                0x0000000000000278       0x2d C:/ST/STM32CubeIDE_1.14.1/STM32CubeIDE/plugins/com.st.stm32cube.ide.mcu.externaltools.gnu-tools-for-stm32.7-2018-q2-update.win32_2.1.200.202402032213/tools/bin/../lib/gcc/arm-none-eabi/7.3.1/../../../../arm-none-eabi/lib/thumb/v7-m\libc_nano.a(lib_a-nano-vfscanf_float.o)
 .ARM.attributes
                0x00000000000002a5       0x2d C:/ST/STM32CubeIDE_1.14.1/STM32CubeIDE/plugins/com.st.stm32cube.ide.mcu.externaltools.gnu-tools-for-stm32.7-2018-q2-update.win32_2.1.200.202402032213/tools/bin/../lib/gcc/arm-none-eabi/7.3.1/../../../../arm-none-eabi/lib/thumb/v7-m\libc_nano.a(lib_a-sf_nan.o)
 .ARM.attributes
                0x00000000000002d2       0x2d C:/ST/STM32CubeIDE_1.14.1/STM32CubeIDE/plugins/com.st.stm32cube.ide.mcu.externaltools.gnu-tools-for-stm32.7-2018-q2-update.win32_2.1.200.202402032213/tools/bin/../lib/gcc/arm-none-eabi/7.3.1/../../../../arm-none-eabi/lib/thumb/v7-m\libc_nano.a(lib_a-sprintf.o)
 .ARM.attributes
                0x00000000000002ff       0x2d C:/ST/STM32CubeIDE_1.14.1/STM32CubeIDE/plugins/com.st.stm32cube.ide.mcu.externaltools.gnu-tools-for-stm32.7-2018-q2-update.win32_2.1.200.202402032213/tools/bin/../lib/gcc/arm-none-eabi/7.3.1/../../../../arm-none-eabi/lib/thumb/v7-m\libc_nano.a(lib_a-sscanf.o)
 .ARM.attributes
                0x000000000000032c       0x2d C:/ST/STM32CubeIDE_1.14.1/STM32CubeIDE/plugins/com.st.stm32cube.ide.mcu.externaltools.gnu-tools-for-stm32.7-2018-q2-update.win32_2.1.200.202402032213/tools/bin/../lib/gcc/arm-none-eabi/7.3.1/../../../../arm-none-eabi/lib/thumb/v7-m\libc_nano.a(lib_a-stdio.o)
 .ARM.attributes
                0x0000000000000359       0x2d C:/ST/STM32CubeIDE_1.14.1/STM32CubeIDE/plugins/com.st.stm32cube.ide.mcu.externaltools.gnu-tools-for-stm32.7-2018-q2-update.win32_2.1.200.202402032213/tools/bin/../lib/gcc/arm-none-eabi/7.3.1/../../../../arm-none-eabi/lib/thumb/v7-m\libc_nano.a(lib_a-strcat.o)
 .ARM.attributes
                0x0000000000000386       0x17 C:/ST/STM32CubeIDE_1.14.1/STM32CubeIDE/plugins/com.st.stm32cube.ide.mcu.externaltools.gnu-tools-for-stm32.7-2018-q2-update.win32_2.1.200.202402032213/tools/bin/../lib/gcc/arm-none-eabi/7.3.1/../../../../arm-none-eabi/lib/thumb/v7-m\libc_nano.a(lib_a-strlen.o)
 .ARM.attributes
                0x000000000000039d       0x2d C:/ST/STM32CubeIDE_1.14.1/STM32CubeIDE/plugins/com.st.stm32cube.ide.mcu.externaltools.gnu-tools-for-stm32.7-2018-q2-update.win32_2.1.200.202402032213/tools/bin/../lib/gcc/arm-none-eabi/7.3.1/../../../../arm-none-eabi/lib/thumb/v7-m\libc_nano.a(lib_a-strncasecmp.o)
 .ARM.attributes
                0x00000000000003ca       0x2d C:/ST/STM32CubeIDE_1.14.1/STM32CubeIDE/plugins/com.st.stm32cube.ide.mcu.externaltools.gnu-tools-for-stm32.7-2018-q2-update.win32_2.1.200.202402032213/tools/bin/../lib/gcc/arm-none-eabi/7.3.1/../../../../arm-none-eabi/lib/thumb/v7-m\libc_nano.a(lib_a-strtod.o)
 .ARM.attributes
                0x00000000000003f7       0x2d C:/ST/STM32CubeIDE_1.14.1/STM32CubeIDE/plugins/com.st.stm32cube.ide.mcu.externaltools.gnu-tools-for-stm32.7-2018-q2-update.win32_2.1.200.202402032213/tools/bin/../lib/gcc/arm-none-eabi/7.3.1/../../../../arm-none-eabi/lib/thumb/v7-m\libc_nano.a(lib_a-strtol.o)
 .ARM.attributes
                0x0000000000000424       0x2d C:/ST/STM32CubeIDE_1.14.1/STM32CubeIDE/plugins/com.st.stm32cube.ide.mcu.externaltools.gnu-tools-for-stm32.7-2018-q2-update.win32_2.1.200.202402032213/tools/bin/../lib/gcc/arm-none-eabi/7.3.1/../../../../arm-none-eabi/lib/thumb/v7-m\libc_nano.a(lib_a-dtoa.o)
 .ARM.attributes
                0x0000000000000451       0x2d C:/ST/STM32CubeIDE_1.14.1/STM32CubeIDE/plugins/com.st.stm32cube.ide.mcu.externaltools.gnu-tools-for-stm32.7-2018-q2-update.win32_2.1.200.202402032213/tools/bin/../lib/gcc/arm-none-eabi/7.3.1/../../../../arm-none-eabi/lib/thumb/v7-m\libc_nano.a(lib_a-gdtoa-gethex.o)
 .ARM.attributes
                0x000000000000047e       0x2d C:/ST/STM32CubeIDE_1.14.1/STM32CubeIDE/plugins/com.st.stm32cube.ide.mcu.externaltools.gnu-tools-for-stm32.7-2018-q2-update.win32_2.1.200.202402032213/tools/bin/../lib/gcc/arm-none-eabi/7.3.1/../../../../arm-none-eabi/lib/thumb/v7-m\libc_nano.a(lib_a-gdtoa-hexnan.o)
 .ARM.attributes
                0x00000000000004ab       0x2d C:/ST/STM32CubeIDE_1.14.1/STM32CubeIDE/plugins/com.st.stm32cube.ide.mcu.externaltools.gnu-tools-for-stm32.7-2018-q2-update.win32_2.1.200.202402032213/tools/bin/../lib/gcc/arm-none-eabi/7.3.1/../../../../arm-none-eabi/lib/thumb/v7-m\libc_nano.a(lib_a-locale.o)
 .ARM.attributes
                0x00000000000004d8       0x2d C:/ST/STM32CubeIDE_1.14.1/STM32CubeIDE/plugins/com.st.stm32cube.ide.mcu.externaltools.gnu-tools-for-stm32.7-2018-q2-update.win32_2.1.200.202402032213/tools/bin/../lib/gcc/arm-none-eabi/7.3.1/../../../../arm-none-eabi/lib/thumb/v7-m\libc_nano.a(lib_a-localeconv.o)
 .ARM.attributes
                0x0000000000000505       0x2d C:/ST/STM32CubeIDE_1.14.1/STM32CubeIDE/plugins/com.st.stm32cube.ide.mcu.externaltools.gnu-tools-for-stm32.7-2018-q2-update.win32_2.1.200.202402032213/tools/bin/../lib/gcc/arm-none-eabi/7.3.1/../../../../arm-none-eabi/lib/thumb/v7-m\libc_nano.a(lib_a-malloc.o)
 .ARM.attributes
                0x0000000000000532       0x2d C:/ST/STM32CubeIDE_1.14.1/STM32CubeIDE/plugins/com.st.stm32cube.ide.mcu.externaltools.gnu-tools-for-stm32.7-2018-q2-update.win32_2.1.200.202402032213/tools/bin/../lib/gcc/arm-none-eabi/7.3.1/../../../../arm-none-eabi/lib/thumb/v7-m\libc_nano.a(lib_a-mbtowc_r.o)
 .ARM.attributes
                0x000000000000055f       0x2d C:/ST/STM32CubeIDE_1.14.1/STM32CubeIDE/plugins/com.st.stm32cube.ide.mcu.externaltools.gnu-tools-for-stm32.7-2018-q2-update.win32_2.1.200.202402032213/tools/bin/../lib/gcc/arm-none-eabi/7.3.1/../../../../arm-none-eabi/lib/thumb/v7-m\libc_nano.a(lib_a-memchr-stub.o)
 .ARM.attributes